
> rest-express@1.0.0 build
> vite build && esbuild server/index.ts --platform=node --packages=external --bundle --format=cjs --outfile=dist/index.cjs --external:./vite

[36mvite v5.4.19 [32mbuilding for production...[36m[39m
transforming...
node.exe : Browserslist: browsers data (caniuse-lite) is 6 months old. Please 
run:
At line:1 char:1
+ & "C:\Program Files\nodejs/node.exe" "C:\Program Files\nodejs/node_mo ...
+ ~~~~~~~~~~~~~~~~~~~~~~~~~~~~~~~~~~~~~~~~~~~~~~~~~~~~~~~~~~~~~~~~~~~~~
    + CategoryInfo          : NotSpecified: (Browserslist: b...ld. Please run: 
   :String) [], RemoteException
    + FullyQualifiedErrorId : NativeCommandError
 
  npx update-browserslist-db@latest
  Why you should do it regularly: 
https://github.com/browserslist/update-db#readme
node_modules/@privy-io/react-auth/dist/esm/wallet-connect-DhBAmGqO.mjs 
(1:12643): A comment

"/*#__PURE__*/"

in "node_modules/@privy-io/react-auth/dist/esm/wallet-connect-DhBAmGqO.mjs" 
contains an annotation that Rollup cannot interpret due to the position of the 
comment. The comment will be removed to avoid issues.
node_modules/@privy-io/react-auth/dist/esm/modal-context-CAf0gyff.mjs (1:265): 
A comment

"/*#__PURE__*/"

in "node_modules/@privy-io/react-auth/dist/esm/modal-context-CAf0gyff.mjs" 
contains an annotation that Rollup cannot interpret due to the position of the 
comment. The comment will be removed to avoid issues.
node_modules/@privy-io/react-auth/dist/esm/modal-context-CAf0gyff.mjs (1:917): 
A comment

"/*#__PURE__*/"

in "node_modules/@privy-io/react-auth/dist/esm/modal-context-CAf0gyff.mjs" 
contains an annotation that Rollup cannot interpret due to the position of the 
comment. The comment will be removed to avoid issues.
node_modules/@privy-io/react-auth/dist/esm/TurnstileWrapper-DbQtiE4X.mjs 
(1:343): A comment

"/*#__PURE__*/"

in "node_modules/@privy-io/react-auth/dist/esm/TurnstileWrapper-DbQtiE4X.mjs" 
contains an annotation that Rollup cannot interpret due to the position of the 
comment. The comment will be removed to avoid issues.
node_modules/@privy-io/react-auth/dist/esm/HCaptchaWrapper-CUi9LJsp.mjs 
(1:205): A comment

"/*#__PURE__*/"

in "node_modules/@privy-io/react-auth/dist/esm/HCaptchaWrapper-CUi9LJsp.mjs" 
contains an annotation that Rollup cannot interpret due to the position of the 
comment. The comment will be removed to avoid issues.
node_modules/@privy-io/react-auth/dist/esm/AccountNotFoundScreen-Cd8tGIFg.mjs 
(1:1554): A comment

"/*#__PURE__*/"

in "node_modules/@privy-io/react-auth/dist/esm/AccountNotFoundScreen-Cd8tGIFg.m
js" contains an annotation that Rollup cannot interpret due to the position of 
the comment. The comment will be removed to avoid issues.
node_modules/@privy-io/react-auth/dist/esm/AllowlistRejectionScreen-DOyjna1O.mj
s (1:1705): A comment

"/*#__PURE__*/"

in "node_modules/@privy-io/react-auth/dist/esm/AllowlistRejectionScreen-DOyjna1
O.mjs" contains an annotation that Rollup cannot interpret due to the position 
of the comment. The comment will be removed to avoid issues.
node_modules/@privy-io/react-auth/dist/esm/AffirmativeConsentScreen-CAbzkkEO.mj
s (1:2304): A comment

"/*#__PURE__*/"

in "node_modules/@privy-io/react-auth/dist/esm/AffirmativeConsentScreen-CAbzkkE
O.mjs" contains an annotation that Rollup cannot interpret due to the position 
of the comment. The comment will be removed to avoid issues.
node_modules/@privy-io/react-auth/dist/esm/AuthenticateWithWalletScreen-BHTNvJ3
_.mjs (1:1953): A comment

"/*#__PURE__*/"

in "node_modules/@privy-io/react-auth/dist/esm/AuthenticateWithWalletScreen-BHT
NvJ3_.mjs" contains an annotation that Rollup cannot interpret due to the 
position of the comment. The comment will be removed to avoid issues.
node_modules/@privy-io/react-auth/dist/esm/AwaitingEvmToSolBridgingScreen-Cf0IF
Oev.mjs (1:8252): A comment

"/*#__PURE__*/"

in "node_modules/@privy-io/react-auth/dist/esm/AwaitingEvmToSolBridgingScreen-C
f0IFOev.mjs" contains an annotation that Rollup cannot interpret due to the 
position of the comment. The comment will be removed to avoid issues.
node_modules/@privy-io/react-auth/dist/esm/AwaitingExternalEthereumTransferScre
en-BJx_TFgI.mjs (1:10778): A comment

"/*#__PURE__*/"

in "node_modules/@privy-io/react-auth/dist/esm/AwaitingExternalEthereumTransfer
Screen-BJx_TFgI.mjs" contains an annotation that Rollup cannot interpret due 
to the position of the comment. The comment will be removed to avoid issues.
node_modules/@privy-io/react-auth/dist/esm/AwaitingPasswordlessCodeScreen-DgCA1
iWi.mjs (1:3112): A comment

"/*#__PURE__*/"

in "node_modules/@privy-io/react-auth/dist/esm/AwaitingPasswordlessCodeScreen-D
gCA1iWi.mjs" contains an annotation that Rollup cannot interpret due to the 
position of the comment. The comment will be removed to avoid issues.
node_modules/@privy-io/react-auth/dist/esm/AwaitingPasswordlessCodeScreen-DgCA1
iWi.mjs (1:6132): A comment

"/*#__PURE__*/"

in "node_modules/@privy-io/react-auth/dist/esm/AwaitingPasswordlessCodeScreen-D
gCA1iWi.mjs" contains an annotation that Rollup cannot interpret due to the 
position of the comment. The comment will be removed to avoid issues.
node_modules/@privy-io/react-auth/dist/esm/CaptchaScreen-D3Qz0yok.mjs 
(1:2431): A comment

"/*#__PURE__*/"

in "node_modules/@privy-io/react-auth/dist/esm/CaptchaScreen-D3Qz0yok.mjs" 
contains an annotation that Rollup cannot interpret due to the position of the 
comment. The comment will be removed to avoid issues.
node_modules/@privy-io/react-auth/dist/esm/CaptchaScreen-D3Qz0yok.mjs 
(1:3744): A comment

"/*#__PURE__*/"

in "node_modules/@privy-io/react-auth/dist/esm/CaptchaScreen-D3Qz0yok.mjs" 
contains an annotation that Rollup cannot interpret due to the position of the 
comment. The comment will be removed to avoid issues.
node_modules/@privy-io/react-auth/dist/esm/ConnectLedgerScreen-Ct6xqlL8.mjs 
(1:2888): A comment

"/*#__PURE__*/"

in 
"node_modules/@privy-io/react-auth/dist/esm/ConnectLedgerScreen-Ct6xqlL8.mjs" 
contains an annotation that Rollup cannot interpret due to the position of the 
comment. The comment will be removed to avoid issues.
node_modules/@privy-io/react-auth/dist/esm/CoinbaseOnrampStatusScreen-C_9AU9WJ.
mjs (1:3518): A comment

"/*#__PURE__*/"

in "node_modules/@privy-io/react-auth/dist/esm/CoinbaseOnrampStatusScreen-C_9AU
9WJ.mjs" contains an annotation that Rollup cannot interpret due to the 
position of the comment. The comment will be removed to avoid issues.
node_modules/@privy-io/react-auth/dist/esm/CoinbaseOnrampStatusScreen-C_9AU9WJ.
mjs (1:3841): A comment

"/*#__PURE__*/"

in "node_modules/@privy-io/react-auth/dist/esm/CoinbaseOnrampStatusScreen-C_9AU
9WJ.mjs" contains an annotation that Rollup cannot interpret due to the 
position of the comment. The comment will be removed to avoid issues.
node_modules/@privy-io/react-auth/dist/esm/CoinbaseOnrampStatusScreen-C_9AU9WJ.
mjs (1:4378): A comment

"/*#__PURE__*/"

in "node_modules/@privy-io/react-auth/dist/esm/CoinbaseOnrampStatusScreen-C_9AU
9WJ.mjs" contains an annotation that Rollup cannot interpret due to the 
position of the comment. The comment will be removed to avoid issues.
node_modules/@privy-io/react-auth/dist/esm/ConnectOnlyLandingScreen-DJTaeNvK.mj
s (1:1814): A comment

"/*#__PURE__*/"

in "node_modules/@privy-io/react-auth/dist/esm/ConnectOnlyLandingScreen-DJTaeNv
K.mjs" contains an annotation that Rollup cannot interpret due to the position 
of the comment. The comment will be removed to avoid issues.
node_modules/@privy-io/react-auth/dist/esm/CrossAppAuthScreen-CwmaXbCX.mjs 
(1:2371): A comment

"/*#__PURE__*/"

in 
"node_modules/@privy-io/react-auth/dist/esm/CrossAppAuthScreen-CwmaXbCX.mjs" 
contains an annotation that Rollup cannot interpret due to the position of the 
comment. The comment will be removed to avoid issues.
node_modules/@privy-io/react-auth/dist/esm/ConnectionStatusScreen-zXkr9UON.mjs 
(1:3493): A comment

"/*#__PURE__*/"

in "node_modules/@privy-io/react-auth/dist/esm/ConnectionStatusScreen-zXkr9UON.
mjs" contains an annotation that Rollup cannot interpret due to the position 
of the comment. The comment will be removed to avoid issues.
node_modules/@privy-io/react-auth/dist/esm/ConnectionStatusScreen-zXkr9UON.mjs 
(1:9757): A comment

"/*#__PURE__*/"

in "node_modules/@privy-io/react-auth/dist/esm/ConnectionStatusScreen-zXkr9UON.
mjs" contains an annotation that Rollup cannot interpret due to the position 
of the comment. The comment will be removed to avoid issues.
node_modules/@privy-io/react-auth/dist/esm/EmbeddedWalletCreatedScreen-C4V5xO34
.mjs (1:1816): A comment

"/*#__PURE__*/"

in "node_modules/@privy-io/react-auth/dist/esm/EmbeddedWalletCreatedScreen-C4V5
xO34.mjs" contains an annotation that Rollup cannot interpret due to the 
position of the comment. The comment will be removed to avoid issues.
node_modules/@privy-io/react-auth/dist/esm/DepositAddressScreen-q-ZcizuU.mjs 
(164:997): A comment

"/*#__PURE__*/"

in 
"node_modules/@privy-io/react-auth/dist/esm/DepositAddressScreen-q-ZcizuU.mjs" 
contains an annotation that Rollup cannot interpret due to the position of the 
comment. The comment will be removed to avoid issues.
node_modules/@privy-io/react-auth/dist/esm/DepositAddressScreen-q-ZcizuU.mjs 
(164:3181): A comment

"/*#__PURE__*/"

in 
"node_modules/@privy-io/react-auth/dist/esm/DepositAddressScreen-q-ZcizuU.mjs" 
contains an annotation that Rollup cannot interpret due to the position of the 
comment. The comment will be removed to avoid issues.
node_modules/@privy-io/react-auth/dist/esm/DepositAddressScreen-q-ZcizuU.mjs 
(164:3515): A comment

"/*#__PURE__*/"

in 
"node_modules/@privy-io/react-auth/dist/esm/DepositAddressScreen-q-ZcizuU.mjs" 
contains an annotation that Rollup cannot interpret due to the position of the 
comment. The comment will be removed to avoid issues.
node_modules/@privy-io/react-auth/dist/esm/DepositAddressScreen-q-ZcizuU.mjs 
(171:1136): A comment

"/*#__PURE__*/"

in 
"node_modules/@privy-io/react-auth/dist/esm/DepositAddressScreen-q-ZcizuU.mjs" 
contains an annotation that Rollup cannot interpret due to the position of the 
comment. The comment will be removed to avoid issues.
node_modules/@privy-io/react-auth/dist/esm/DepositAddressScreen-q-ZcizuU.mjs 
(185:557): A comment

"/*#__PURE__*/"

in 
"node_modules/@privy-io/react-auth/dist/esm/DepositAddressScreen-q-ZcizuU.mjs" 
contains an annotation that Rollup cannot interpret due to the position of the 
comment. The comment will be removed to avoid issues.
node_modules/@privy-io/react-auth/dist/esm/DepositAddressScreen-q-ZcizuU.mjs 
(185:1628): A comment

"/*#__PURE__*/"

in 
"node_modules/@privy-io/react-auth/dist/esm/DepositAddressScreen-q-ZcizuU.mjs" 
contains an annotation that Rollup cannot interpret due to the position of the 
comment. The comment will be removed to avoid issues.
node_modules/@privy-io/react-auth/dist/esm/DepositAddressScreen-q-ZcizuU.mjs 
(185:2340): A comment

"/*#__PURE__*/"

in 
"node_modules/@privy-io/react-auth/dist/esm/DepositAddressScreen-q-ZcizuU.mjs" 
contains an annotation that Rollup cannot interpret due to the position of the 
comment. The comment will be removed to avoid issues.
node_modules/@privy-io/react-auth/dist/esm/DepositAddressScreen-q-ZcizuU.mjs 
(244:146): A comment

"/*#__PURE__*/"

in 
"node_modules/@privy-io/react-auth/dist/esm/DepositAddressScreen-q-ZcizuU.mjs" 
contains an annotation that Rollup cannot interpret due to the position of the 
comment. The comment will be removed to avoid issues.
node_modules/@privy-io/react-auth/dist/esm/DepositAddressScreen-q-ZcizuU.mjs 
(339:346): A comment

"/*#__PURE__*/"

in 
"node_modules/@privy-io/react-auth/dist/esm/DepositAddressScreen-q-ZcizuU.mjs" 
contains an annotation that Rollup cannot interpret due to the position of the 
comment. The comment will be removed to avoid issues.
node_modules/@privy-io/react-auth/dist/esm/DepositAddressScreen-q-ZcizuU.mjs 
(350:278): A comment

"/*#__PURE__*/"

in 
"node_modules/@privy-io/react-auth/dist/esm/DepositAddressScreen-q-ZcizuU.mjs" 
contains an annotation that Rollup cannot interpret due to the position of the 
comment. The comment will be removed to avoid issues.
node_modules/@privy-io/react-auth/dist/esm/DepositAddressScreen-q-ZcizuU.mjs 
(358:936): A comment

"/*#__PURE__*/"

in 
"node_modules/@privy-io/react-auth/dist/esm/DepositAddressScreen-q-ZcizuU.mjs" 
contains an annotation that Rollup cannot interpret due to the position of the 
comment. The comment will be removed to avoid issues.
node_modules/@privy-io/react-auth/dist/esm/DepositAddressScreen-q-ZcizuU.mjs 
(358:1144): A comment

"/*#__PURE__*/"

in 
"node_modules/@privy-io/react-auth/dist/esm/DepositAddressScreen-q-ZcizuU.mjs" 
contains an annotation that Rollup cannot interpret due to the position of the 
comment. The comment will be removed to avoid issues.
node_modules/@privy-io/react-auth/dist/esm/DepositAddressScreen-q-ZcizuU.mjs 
(358:1185): A comment

"/*#__PURE__*/"

in 
"node_modules/@privy-io/react-auth/dist/esm/DepositAddressScreen-q-ZcizuU.mjs" 
contains an annotation that Rollup cannot interpret due to the position of the 
comment. The comment will be removed to avoid issues.
node_modules/@privy-io/react-auth/dist/esm/DepositAddressScreen-q-ZcizuU.mjs 
(358:1228): A comment

"/*#__PURE__*/"

in 
"node_modules/@privy-io/react-auth/dist/esm/DepositAddressScreen-q-ZcizuU.mjs" 
contains an annotation that Rollup cannot interpret due to the position of the 
comment. The comment will be removed to avoid issues.
node_modules/@privy-io/react-auth/dist/esm/DepositAddressScreen-q-ZcizuU.mjs 
(358:1271): A comment

"/*#__PURE__*/"

in 
"node_modules/@privy-io/react-auth/dist/esm/DepositAddressScreen-q-ZcizuU.mjs" 
contains an annotation that Rollup cannot interpret due to the position of the 
comment. The comment will be removed to avoid issues.
node_modules/@privy-io/react-auth/dist/esm/DepositAddressScreen-q-ZcizuU.mjs 
(358:1317): A comment

"/*#__PURE__*/"

in 
"node_modules/@privy-io/react-auth/dist/esm/DepositAddressScreen-q-ZcizuU.mjs" 
contains an annotation that Rollup cannot interpret due to the position of the 
comment. The comment will be removed to avoid issues.
node_modules/@privy-io/react-auth/dist/esm/DepositAddressScreen-q-ZcizuU.mjs 
(358:1361): A comment

"/*#__PURE__*/"

in 
"node_modules/@privy-io/react-auth/dist/esm/DepositAddressScreen-q-ZcizuU.mjs" 
contains an annotation that Rollup cannot interpret due to the position of the 
comment. The comment will be removed to avoid issues.
node_modules/@privy-io/react-auth/dist/esm/DepositAddressScreen-q-ZcizuU.mjs 
(358:1405): A comment

"/*#__PURE__*/"

in 
"node_modules/@privy-io/react-auth/dist/esm/DepositAddressScreen-q-ZcizuU.mjs" 
contains an annotation that Rollup cannot interpret due to the position of the 
comment. The comment will be removed to avoid issues.
node_modules/@privy-io/react-auth/dist/esm/DepositAddressScreen-q-ZcizuU.mjs 
(358:1447): A comment

"/*#__PURE__*/"

in 
"node_modules/@privy-io/react-auth/dist/esm/DepositAddressScreen-q-ZcizuU.mjs" 
contains an annotation that Rollup cannot interpret due to the position of the 
comment. The comment will be removed to avoid issues.
node_modules/@privy-io/react-auth/dist/esm/DepositAddressScreen-q-ZcizuU.mjs 
(358:1488): A comment

"/*#__PURE__*/"

in 
"node_modules/@privy-io/react-auth/dist/esm/DepositAddressScreen-q-ZcizuU.mjs" 
contains an annotation that Rollup cannot interpret due to the position of the 
comment. The comment will be removed to avoid issues.
node_modules/@privy-io/react-auth/dist/esm/EmbeddedWalletKeyExportScreen-Ba1-R2
H_.mjs (6:912): A comment

"/*#__PURE__*/"

in "node_modules/@privy-io/react-auth/dist/esm/EmbeddedWalletKeyExportScreen-Ba
1-R2H_.mjs" contains an annotation that Rollup cannot interpret due to the 
position of the comment. The comment will be removed to avoid issues.
node_modules/@privy-io/react-auth/dist/esm/EmbeddedWalletOnAccountCreateScreen-
CewYfEzS.mjs (1:4043): A comment

"/*#__PURE__*/"

in "node_modules/@privy-io/react-auth/dist/esm/EmbeddedWalletOnAccountCreateScr
een-CewYfEzS.mjs" contains an annotation that Rollup cannot interpret due to 
the position of the comment. The comment will be removed to avoid issues.
node_modules/@privy-io/react-auth/dist/esm/RecoveryPasswordCreateScreen-CyHtGGc
1.mjs (1:3809): A comment

"/*#__PURE__*/"

in "node_modules/@privy-io/react-auth/dist/esm/RecoveryPasswordCreateScreen-CyH
tGGc1.mjs" contains an annotation that Rollup cannot interpret due to the 
position of the comment. The comment will be removed to avoid issues.
node_modules/@privy-io/react-auth/dist/esm/EmbeddedWalletPasswordUpdateScreen-B
HMUDhIZ.mjs (1:2644): A comment

"/*#__PURE__*/"

in "node_modules/@privy-io/react-auth/dist/esm/EmbeddedWalletPasswordUpdateScre
en-BHMUDhIZ.mjs" contains an annotation that Rollup cannot interpret due to 
the position of the comment. The comment will be removed to avoid issues.
node_modules/@privy-io/react-auth/dist/esm/ErrorScreen-BkRbQEj5.mjs (1:4556): 
A comment

"/*#__PURE__*/"

in "node_modules/@privy-io/react-auth/dist/esm/ErrorScreen-BkRbQEj5.mjs" 
contains an annotation that Rollup cannot interpret due to the position of the 
comment. The comment will be removed to avoid issues.
node_modules/@privy-io/react-auth/dist/esm/ErrorScreen-BkRbQEj5.mjs (1:5037): 
A comment

"/*#__PURE__*/"

in "node_modules/@privy-io/react-auth/dist/esm/ErrorScreen-BkRbQEj5.mjs" 
contains an annotation that Rollup cannot interpret due to the position of the 
comment. The comment will be removed to avoid issues.
node_modules/@privy-io/react-auth/dist/esm/FarcasterSignerStatusScreen-D4W3Tqft
.mjs (28:1100): A comment

"/*#__PURE__*/"

in "node_modules/@privy-io/react-auth/dist/esm/FarcasterSignerStatusScreen-D4W3
Tqft.mjs" contains an annotation that Rollup cannot interpret due to the 
position of the comment. The comment will be removed to avoid issues.
node_modules/@privy-io/react-auth/dist/esm/FundSolWalletWithExternalSolanaWalle
t-Ct6XGjaA.mjs (1:2883): A comment

"/*#__PURE__*/"

in "node_modules/@privy-io/react-auth/dist/esm/FundSolWalletWithExternalSolanaW
allet-Ct6XGjaA.mjs" contains an annotation that Rollup cannot interpret due to 
the position of the comment. The comment will be removed to avoid issues.
node_modules/@privy-io/react-auth/dist/esm/FundWithBankDepositScreen-BLaFVDrv.m
js (1:2999): A comment

"/*#__PURE__*/"

in "node_modules/@privy-io/react-auth/dist/esm/FundWithBankDepositScreen-BLaFVD
rv.mjs" contains an annotation that Rollup cannot interpret due to the 
position of the comment. The comment will be removed to avoid issues.
node_modules/@privy-io/react-auth/dist/esm/FundWithBankDepositScreen-BLaFVDrv.m
js (58:339): A comment

"/*#__PURE__*/"

in "node_modules/@privy-io/react-auth/dist/esm/FundWithBankDepositScreen-BLaFVD
rv.mjs" contains an annotation that Rollup cannot interpret due to the 
position of the comment. The comment will be removed to avoid issues.
node_modules/@privy-io/react-auth/dist/esm/FundWithBankDepositScreen-BLaFVDrv.m
js (58:6670): A comment

"/*#__PURE__*/"

in "node_modules/@privy-io/react-auth/dist/esm/FundWithBankDepositScreen-BLaFVD
rv.mjs" contains an annotation that Rollup cannot interpret due to the 
position of the comment. The comment will be removed to avoid issues.
node_modules/@privy-io/react-auth/dist/esm/FiatOnrampScreen-D9NHYEw-.mjs 
(167:284): A comment

"/*#__PURE__*/"

in "node_modules/@privy-io/react-auth/dist/esm/FiatOnrampScreen-D9NHYEw-.mjs" 
contains an annotation that Rollup cannot interpret due to the position of the 
comment. The comment will be removed to avoid issues.
node_modules/@privy-io/react-auth/dist/esm/FiatOnrampScreen-D9NHYEw-.mjs 
(167:1385): A comment

"/*#__PURE__*/"

in "node_modules/@privy-io/react-auth/dist/esm/FiatOnrampScreen-D9NHYEw-.mjs" 
contains an annotation that Rollup cannot interpret due to the position of the 
comment. The comment will be removed to avoid issues.
node_modules/@privy-io/react-auth/dist/esm/FiatOnrampScreen-D9NHYEw-.mjs 
(167:2759): A comment

"/*#__PURE__*/"

in "node_modules/@privy-io/react-auth/dist/esm/FiatOnrampScreen-D9NHYEw-.mjs" 
contains an annotation that Rollup cannot interpret due to the position of the 
comment. The comment will be removed to avoid issues.
node_modules/@privy-io/react-auth/dist/esm/FiatOnrampScreen-D9NHYEw-.mjs 
(167:3716): A comment

"/*#__PURE__*/"

in "node_modules/@privy-io/react-auth/dist/esm/FiatOnrampScreen-D9NHYEw-.mjs" 
contains an annotation that Rollup cannot interpret due to the position of the 
comment. The comment will be removed to avoid issues.
node_modules/@privy-io/react-auth/dist/esm/FiatOnrampScreen-D9NHYEw-.mjs 
(167:4469): A comment

"/*#__PURE__*/"

in "node_modules/@privy-io/react-auth/dist/esm/FiatOnrampScreen-D9NHYEw-.mjs" 
contains an annotation that Rollup cannot interpret due to the position of the 
comment. The comment will be removed to avoid issues.
node_modules/@privy-io/react-auth/dist/esm/FiatOnrampScreen-D9NHYEw-.mjs 
(167:5171): A comment

"/*#__PURE__*/"

in "node_modules/@privy-io/react-auth/dist/esm/FiatOnrampScreen-D9NHYEw-.mjs" 
contains an annotation that Rollup cannot interpret due to the position of the 
comment. The comment will be removed to avoid issues.
node_modules/@privy-io/react-auth/dist/esm/FiatOnrampScreen-D9NHYEw-.mjs 
(167:6194): A comment

"/*#__PURE__*/"

in "node_modules/@privy-io/react-auth/dist/esm/FiatOnrampScreen-D9NHYEw-.mjs" 
contains an annotation that Rollup cannot interpret due to the position of the 
comment. The comment will be removed to avoid issues.
node_modules/@privy-io/react-auth/dist/esm/FiatOnrampScreen-D9NHYEw-.mjs 
(167:8567): A comment

"/*#__PURE__*/"

in "node_modules/@privy-io/react-auth/dist/esm/FiatOnrampScreen-D9NHYEw-.mjs" 
contains an annotation that Rollup cannot interpret due to the position of the 
comment. The comment will be removed to avoid issues.
node_modules/@privy-io/react-auth/dist/esm/FiatOnrampScreen-D9NHYEw-.mjs 
(167:8974): A comment

"/*#__PURE__*/"

in "node_modules/@privy-io/react-auth/dist/esm/FiatOnrampScreen-D9NHYEw-.mjs" 
contains an annotation that Rollup cannot interpret due to the position of the 
comment. The comment will be removed to avoid issues.
node_modules/@privy-io/react-auth/dist/esm/FiatOnrampScreen-D9NHYEw-.mjs 
(254:455): A comment

"/*#__PURE__*/"

in "node_modules/@privy-io/react-auth/dist/esm/FiatOnrampScreen-D9NHYEw-.mjs" 
contains an annotation that Rollup cannot interpret due to the position of the 
comment. The comment will be removed to avoid issues.
node_modules/@privy-io/react-auth/dist/esm/FiatOnrampScreen-D9NHYEw-.mjs 
(254:555): A comment

"/*#__PURE__*/"

in "node_modules/@privy-io/react-auth/dist/esm/FiatOnrampScreen-D9NHYEw-.mjs" 
contains an annotation that Rollup cannot interpret due to the position of the 
comment. The comment will be removed to avoid issues.
node_modules/@privy-io/react-auth/dist/esm/FiatOnrampScreen-D9NHYEw-.mjs 
(254:709): A comment

"/*#__PURE__*/"

in "node_modules/@privy-io/react-auth/dist/esm/FiatOnrampScreen-D9NHYEw-.mjs" 
contains an annotation that Rollup cannot interpret due to the position of the 
comment. The comment will be removed to avoid issues.
node_modules/@privy-io/react-auth/dist/esm/FiatOnrampScreen-D9NHYEw-.mjs 
(254:857): A comment

"/*#__PURE__*/"

in "node_modules/@privy-io/react-auth/dist/esm/FiatOnrampScreen-D9NHYEw-.mjs" 
contains an annotation that Rollup cannot interpret due to the position of the 
comment. The comment will be removed to avoid issues.
node_modules/@privy-io/react-auth/dist/esm/FiatOnrampScreen-D9NHYEw-.mjs 
(254:948): A comment

"/*#__PURE__*/"

in "node_modules/@privy-io/react-auth/dist/esm/FiatOnrampScreen-D9NHYEw-.mjs" 
contains an annotation that Rollup cannot interpret due to the position of the 
comment. The comment will be removed to avoid issues.
node_modules/@privy-io/react-auth/dist/esm/FiatOnrampScreen-D9NHYEw-.mjs 
(254:1063): A comment

"/*#__PURE__*/"

in "node_modules/@privy-io/react-auth/dist/esm/FiatOnrampScreen-D9NHYEw-.mjs" 
contains an annotation that Rollup cannot interpret due to the position of the 
comment. The comment will be removed to avoid issues.
node_modules/@privy-io/react-auth/dist/esm/FiatOnrampScreen-D9NHYEw-.mjs 
(254:1137): A comment

"/*#__PURE__*/"

in "node_modules/@privy-io/react-auth/dist/esm/FiatOnrampScreen-D9NHYEw-.mjs" 
contains an annotation that Rollup cannot interpret due to the position of the 
comment. The comment will be removed to avoid issues.
node_modules/@privy-io/react-auth/dist/esm/FiatOnrampScreen-D9NHYEw-.mjs 
(254:1225): A comment

"/*#__PURE__*/"

in "node_modules/@privy-io/react-auth/dist/esm/FiatOnrampScreen-D9NHYEw-.mjs" 
contains an annotation that Rollup cannot interpret due to the position of the 
comment. The comment will be removed to avoid issues.
node_modules/@privy-io/react-auth/dist/esm/FiatOnrampScreen-D9NHYEw-.mjs 
(254:1315): A comment

"/*#__PURE__*/"

in "node_modules/@privy-io/react-auth/dist/esm/FiatOnrampScreen-D9NHYEw-.mjs" 
contains an annotation that Rollup cannot interpret due to the position of the 
comment. The comment will be removed to avoid issues.
node_modules/@privy-io/react-auth/dist/esm/FiatOnrampScreen-D9NHYEw-.mjs 
(254:1363): A comment

"/*#__PURE__*/"

in "node_modules/@privy-io/react-auth/dist/esm/FiatOnrampScreen-D9NHYEw-.mjs" 
contains an annotation that Rollup cannot interpret due to the position of the 
comment. The comment will be removed to avoid issues.
node_modules/@privy-io/react-auth/dist/esm/FiatOnrampScreen-D9NHYEw-.mjs 
(254:1533): A comment

"/*#__PURE__*/"

in "node_modules/@privy-io/react-auth/dist/esm/FiatOnrampScreen-D9NHYEw-.mjs" 
contains an annotation that Rollup cannot interpret due to the position of the 
comment. The comment will be removed to avoid issues.
node_modules/@privy-io/react-auth/dist/esm/FiatOnrampScreen-D9NHYEw-.mjs 
(254:1662): A comment

"/*#__PURE__*/"

in "node_modules/@privy-io/react-auth/dist/esm/FiatOnrampScreen-D9NHYEw-.mjs" 
contains an annotation that Rollup cannot interpret due to the position of the 
comment. The comment will be removed to avoid issues.
node_modules/@privy-io/react-auth/dist/esm/FiatOnrampScreen-D9NHYEw-.mjs 
(254:1842): A comment

"/*#__PURE__*/"

in "node_modules/@privy-io/react-auth/dist/esm/FiatOnrampScreen-D9NHYEw-.mjs" 
contains an annotation that Rollup cannot interpret due to the position of the 
comment. The comment will be removed to avoid issues.
node_modules/@privy-io/react-auth/dist/esm/FiatOnrampScreen-D9NHYEw-.mjs 
(254:2321): A comment

"/*#__PURE__*/"

in "node_modules/@privy-io/react-auth/dist/esm/FiatOnrampScreen-D9NHYEw-.mjs" 
contains an annotation that Rollup cannot interpret due to the position of the 
comment. The comment will be removed to avoid issues.
node_modules/@privy-io/react-auth/dist/esm/FiatOnrampScreen-D9NHYEw-.mjs 
(318:935): A comment

"/*#__PURE__*/"

in "node_modules/@privy-io/react-auth/dist/esm/FiatOnrampScreen-D9NHYEw-.mjs" 
contains an annotation that Rollup cannot interpret due to the position of the 
comment. The comment will be removed to avoid issues.
node_modules/@privy-io/react-auth/dist/esm/FundingEditAmountScreen-BTqwisMo.mjs
 (1:2129): A comment

"/*#__PURE__*/"

in "node_modules/@privy-io/react-auth/dist/esm/FundingEditAmountScreen-BTqwisMo
.mjs" contains an annotation that Rollup cannot interpret due to the position 
of the comment. The comment will be removed to avoid issues.
node_modules/@privy-io/react-auth/dist/esm/InAppBrowserLoginNotPossible-Dwj64d-
X.mjs (1:1401): A comment

"/*#__PURE__*/"

in "node_modules/@privy-io/react-auth/dist/esm/InAppBrowserLoginNotPossible-Dwj
64d-X.mjs" contains an annotation that Rollup cannot interpret due to the 
position of the comment. The comment will be removed to avoid issues.
node_modules/@privy-io/react-auth/dist/esm/FundingMethodSelectionScreen-BM7EnwE
r.mjs (1:7286): A comment

"/*#__PURE__*/"

in "node_modules/@privy-io/react-auth/dist/esm/FundingMethodSelectionScreen-BM7
EnwEr.mjs" contains an annotation that Rollup cannot interpret due to the 
position of the comment. The comment will be removed to avoid issues.
node_modules/@privy-io/react-auth/dist/esm/InstallWalletScreen-BqdIoDXV.mjs 
(1:1430): A comment

"/*#__PURE__*/"

in 
"node_modules/@privy-io/react-auth/dist/esm/InstallWalletScreen-BqdIoDXV.mjs" 
contains an annotation that Rollup cannot interpret due to the position of the 
comment. The comment will be removed to avoid issues.
node_modules/@privy-io/react-auth/dist/esm/InstallWalletScreen-BqdIoDXV.mjs 
(1:2310): A comment

"/*#__PURE__*/"

in 
"node_modules/@privy-io/react-auth/dist/esm/InstallWalletScreen-BqdIoDXV.mjs" 
contains an annotation that Rollup cannot interpret due to the position of the 
comment. The comment will be removed to avoid issues.
node_modules/@privy-io/react-auth/dist/esm/LinkEmailScreen-DsiaCtc7.mjs 
(1:2390): A comment

"/*#__PURE__*/"

in "node_modules/@privy-io/react-auth/dist/esm/LinkEmailScreen-DsiaCtc7.mjs" 
contains an annotation that Rollup cannot interpret due to the position of the 
comment. The comment will be removed to avoid issues.
node_modules/@privy-io/react-auth/dist/esm/LinkConflictScreen-D7tUSHW9.mjs 
(16:16): A comment

"/*#__PURE__*/"

in 
"node_modules/@privy-io/react-auth/dist/esm/LinkConflictScreen-D7tUSHW9.mjs" 
contains an annotation that Rollup cannot interpret due to the position of the 
comment. The comment will be removed to avoid issues.
node_modules/@privy-io/react-auth/dist/esm/LinkConflictScreen-D7tUSHW9.mjs 
(79:246): A comment

"/*#__PURE__*/"

in 
"node_modules/@privy-io/react-auth/dist/esm/LinkConflictScreen-D7tUSHW9.mjs" 
contains an annotation that Rollup cannot interpret due to the position of the 
comment. The comment will be removed to avoid issues.
node_modules/@privy-io/react-auth/dist/esm/LinkConflictScreen-D7tUSHW9.mjs 
(79:2961): A comment

"/*#__PURE__*/"

in 
"node_modules/@privy-io/react-auth/dist/esm/LinkConflictScreen-D7tUSHW9.mjs" 
contains an annotation that Rollup cannot interpret due to the position of the 
comment. The comment will be removed to avoid issues.
node_modules/@privy-io/react-auth/dist/esm/LinkPasskeyScreen-BjHqD7Bv.mjs 
(15:84): A comment

"/*#__PURE__*/"

in "node_modules/@privy-io/react-auth/dist/esm/LinkPasskeyScreen-BjHqD7Bv.mjs" 
contains an annotation that Rollup cannot interpret due to the position of the 
comment. The comment will be removed to avoid issues.
node_modules/@privy-io/react-auth/dist/esm/LinkPasskeyScreen-BjHqD7Bv.mjs 
(15:218): A comment

"/*#__PURE__*/"

in "node_modules/@privy-io/react-auth/dist/esm/LinkPasskeyScreen-BjHqD7Bv.mjs" 
contains an annotation that Rollup cannot interpret due to the position of the 
comment. The comment will be removed to avoid issues.
node_modules/@privy-io/react-auth/dist/esm/LinkPasskeyScreen-BjHqD7Bv.mjs 
(15:1599): A comment

"/*#__PURE__*/"

in "node_modules/@privy-io/react-auth/dist/esm/LinkPasskeyScreen-BjHqD7Bv.mjs" 
contains an annotation that Rollup cannot interpret due to the position of the 
comment. The comment will be removed to avoid issues.
node_modules/@privy-io/react-auth/dist/esm/LinkPhoneScreen-B9ZpXEVL.mjs 
(1:1496): A comment

"/*#__PURE__*/"

in "node_modules/@privy-io/react-auth/dist/esm/LinkPhoneScreen-B9ZpXEVL.mjs" 
contains an annotation that Rollup cannot interpret due to the position of the 
comment. The comment will be removed to avoid issues.
node_modules/@privy-io/react-auth/dist/esm/LinkPhoneScreen-B9ZpXEVL.mjs 
(1:1857): A comment

"/*#__PURE__*/"

in "node_modules/@privy-io/react-auth/dist/esm/LinkPhoneScreen-B9ZpXEVL.mjs" 
contains an annotation that Rollup cannot interpret due to the position of the 
comment. The comment will be removed to avoid issues.
node_modules/@privy-io/react-auth/dist/esm/LoginFailedScreen-Ck1qzSHx.mjs 
(1:1564): A comment

"/*#__PURE__*/"

in "node_modules/@privy-io/react-auth/dist/esm/LoginFailedScreen-Ck1qzSHx.mjs" 
contains an annotation that Rollup cannot interpret due to the position of the 
comment. The comment will be removed to avoid issues.
node_modules/@privy-io/react-auth/dist/esm/ManualTransferScreen-CmAQQToa.mjs 
(1:5735): A comment

"/*#__PURE__*/"

in 
"node_modules/@privy-io/react-auth/dist/esm/ManualTransferScreen-CmAQQToa.mjs" 
contains an annotation that Rollup cannot interpret due to the position of the 
comment. The comment will be removed to avoid issues.
node_modules/@privy-io/react-auth/dist/esm/MfaAuthEnrollmentFlowScreen-BTGtHpyw
.mjs (1:3953): A comment

"/*#__PURE__*/"

in "node_modules/@privy-io/react-auth/dist/esm/MfaAuthEnrollmentFlowScreen-BTGt
Hpyw.mjs" contains an annotation that Rollup cannot interpret due to the 
position of the comment. The comment will be removed to avoid issues.
node_modules/@privy-io/react-auth/dist/esm/MfaAuthEnrollmentFlowScreen-BTGtHpyw
.mjs (1:4199): A comment

"/*#__PURE__*/"

in "node_modules/@privy-io/react-auth/dist/esm/MfaAuthEnrollmentFlowScreen-BTGt
Hpyw.mjs" contains an annotation that Rollup cannot interpret due to the 
position of the comment. The comment will be removed to avoid issues.
node_modules/@privy-io/react-auth/dist/esm/MfaAuthEnrollmentFlowScreen-BTGtHpyw
.mjs (1:4888): A comment

"/*#__PURE__*/"

in "node_modules/@privy-io/react-auth/dist/esm/MfaAuthEnrollmentFlowScreen-BTGt
Hpyw.mjs" contains an annotation that Rollup cannot interpret due to the 
position of the comment. The comment will be removed to avoid issues.
node_modules/@privy-io/react-auth/dist/esm/MfaEnrollmentFlowScreen-BsHiSFPL.mjs
 (1:6821): A comment

"/*#__PURE__*/"

in "node_modules/@privy-io/react-auth/dist/esm/MfaEnrollmentFlowScreen-BsHiSFPL
.mjs" contains an annotation that Rollup cannot interpret due to the position 
of the comment. The comment will be removed to avoid issues.
node_modules/@privy-io/react-auth/dist/esm/MfaEnrollmentFlowScreen-BsHiSFPL.mjs
 (1:7034): A comment

"/*#__PURE__*/"

in "node_modules/@privy-io/react-auth/dist/esm/MfaEnrollmentFlowScreen-BsHiSFPL
.mjs" contains an annotation that Rollup cannot interpret due to the position 
of the comment. The comment will be removed to avoid issues.
node_modules/@privy-io/react-auth/dist/esm/MfaEnrollmentFlowScreen-BsHiSFPL.mjs
 (1:7590): A comment

"/*#__PURE__*/"

in "node_modules/@privy-io/react-auth/dist/esm/MfaEnrollmentFlowScreen-BsHiSFPL
.mjs" contains an annotation that Rollup cannot interpret due to the position 
of the comment. The comment will be removed to avoid issues.
node_modules/@privy-io/react-auth/dist/esm/MfaEnrollmentFlowScreen-BsHiSFPL.mjs
 (1:8222): A comment

"/*#__PURE__*/"

in "node_modules/@privy-io/react-auth/dist/esm/MfaEnrollmentFlowScreen-BsHiSFPL
.mjs" contains an annotation that Rollup cannot interpret due to the position 
of the comment. The comment will be removed to avoid issues.
node_modules/@privy-io/react-auth/dist/esm/MfaEnrollmentFlowScreen-BsHiSFPL.mjs
 (1:8923): A comment

"/*#__PURE__*/"

in "node_modules/@privy-io/react-auth/dist/esm/MfaEnrollmentFlowScreen-BsHiSFPL
.mjs" contains an annotation that Rollup cannot interpret due to the position 
of the comment. The comment will be removed to avoid issues.
node_modules/@privy-io/react-auth/dist/esm/MoonpayStatusScreen-CNWUkmeb.mjs 
(1:3068): A comment

"/*#__PURE__*/"

in 
"node_modules/@privy-io/react-auth/dist/esm/MoonpayStatusScreen-CNWUkmeb.mjs" 
contains an annotation that Rollup cannot interpret due to the position of the 
comment. The comment will be removed to avoid issues.
node_modules/@privy-io/react-auth/dist/esm/MoonpayStatusScreen-CNWUkmeb.mjs 
(1:3900): A comment

"/*#__PURE__*/"

in 
"node_modules/@privy-io/react-auth/dist/esm/MoonpayStatusScreen-CNWUkmeb.mjs" 
contains an annotation that Rollup cannot interpret due to the position of the 
comment. The comment will be removed to avoid issues.
node_modules/@privy-io/react-auth/dist/esm/MoonpayStatusScreen-CNWUkmeb.mjs 
(1:4218): A comment

"/*#__PURE__*/"

in 
"node_modules/@privy-io/react-auth/dist/esm/MoonpayStatusScreen-CNWUkmeb.mjs" 
contains an annotation that Rollup cannot interpret due to the position of the 
comment. The comment will be removed to avoid issues.
node_modules/@privy-io/react-auth/dist/esm/MoonpayStatusScreen-CNWUkmeb.mjs 
(1:5014): A comment

"/*#__PURE__*/"

in 
"node_modules/@privy-io/react-auth/dist/esm/MoonpayStatusScreen-CNWUkmeb.mjs" 
contains an annotation that Rollup cannot interpret due to the position of the 
comment. The comment will be removed to avoid issues.
node_modules/@privy-io/react-auth/dist/esm/OAuthStatusScreen-B39zvF1E.mjs 
(1:4595): A comment

"/*#__PURE__*/"

in "node_modules/@privy-io/react-auth/dist/esm/OAuthStatusScreen-B39zvF1E.mjs" 
contains an annotation that Rollup cannot interpret due to the position of the 
comment. The comment will be removed to avoid issues.
node_modules/@privy-io/react-auth/dist/esm/PasskeySelectSignupOrLogin-BdZ2hS-7.
mjs (1:2376): A comment

"/*#__PURE__*/"

in "node_modules/@privy-io/react-auth/dist/esm/PasskeySelectSignupOrLogin-BdZ2h
S-7.mjs" contains an annotation that Rollup cannot interpret due to the 
position of the comment. The comment will be removed to avoid issues.
node_modules/@privy-io/react-auth/dist/esm/PasswordRecoveryScreen-D7o3z5sd.mjs 
(1:2835): A comment

"/*#__PURE__*/"

in "node_modules/@privy-io/react-auth/dist/esm/PasswordRecoveryScreen-D7o3z5sd.
mjs" contains an annotation that Rollup cannot interpret due to the position 
of the comment. The comment will be removed to avoid issues.
node_modules/@privy-io/react-auth/dist/esm/RecoveryOAuthStatusScreen-CB1Avaqt.m
js (1:8910): A comment

"/*#__PURE__*/"

in "node_modules/@privy-io/react-auth/dist/esm/RecoveryOAuthStatusScreen-CB1Ava
qt.mjs" contains an annotation that Rollup cannot interpret due to the 
position of the comment. The comment will be removed to avoid issues.
node_modules/@privy-io/react-auth/dist/esm/RecoverySelectionScreen-BHz5OnkV.mjs
 (7:2183): A comment

"/*#__PURE__*/"

in "node_modules/@privy-io/react-auth/dist/esm/RecoverySelectionScreen-BHz5OnkV
.mjs" contains an annotation that Rollup cannot interpret due to the position 
of the comment. The comment will be removed to avoid issues.
node_modules/@privy-io/react-auth/dist/esm/RecoverySelectionScreen-BHz5OnkV.mjs
 (7:2358): A comment

"/*#__PURE__*/"

in "node_modules/@privy-io/react-auth/dist/esm/RecoverySelectionScreen-BHz5OnkV
.mjs" contains an annotation that Rollup cannot interpret due to the position 
of the comment. The comment will be removed to avoid issues.
node_modules/@privy-io/react-auth/dist/esm/RecoverySelectionScreen-BHz5OnkV.mjs
 (7:2534): A comment

"/*#__PURE__*/"

in "node_modules/@privy-io/react-auth/dist/esm/RecoverySelectionScreen-BHz5OnkV
.mjs" contains an annotation that Rollup cannot interpret due to the position 
of the comment. The comment will be removed to avoid issues.
node_modules/@privy-io/react-auth/dist/esm/SetAutomaticRecoveryScreen-BHiqO4r6.
mjs (14:455): A comment

"/*#__PURE__*/"

in "node_modules/@privy-io/react-auth/dist/esm/SetAutomaticRecoveryScreen-BHiqO
4r6.mjs" contains an annotation that Rollup cannot interpret due to the 
position of the comment. The comment will be removed to avoid issues.
node_modules/@privy-io/react-auth/dist/esm/index-8oxSeUIx.mjs (12:10784): A 
comment

"/*#__PURE__*/"

in "node_modules/@privy-io/react-auth/dist/esm/index-8oxSeUIx.mjs" contains an 
annotation that Rollup cannot interpret due to the position of the comment. 
The comment will be removed to avoid issues.
node_modules/@privy-io/react-auth/dist/esm/index-8oxSeUIx.mjs (12:13586): A 
comment

"/*#__PURE__*/"

in "node_modules/@privy-io/react-auth/dist/esm/index-8oxSeUIx.mjs" contains an 
annotation that Rollup cannot interpret due to the position of the comment. 
The comment will be removed to avoid issues.
node_modules/@privy-io/react-auth/dist/esm/index-8oxSeUIx.mjs (12:13852): A 
comment

"/*#__PURE__*/"

in "node_modules/@privy-io/react-auth/dist/esm/index-8oxSeUIx.mjs" contains an 
annotation that Rollup cannot interpret due to the position of the comment. 
The comment will be removed to avoid issues.
node_modules/@privy-io/react-auth/dist/esm/index-8oxSeUIx.mjs (12:15982): A 
comment

"/*#__PURE__*/"

in "node_modules/@privy-io/react-auth/dist/esm/index-8oxSeUIx.mjs" contains an 
annotation that Rollup cannot interpret due to the position of the comment. 
The comment will be removed to avoid issues.
node_modules/@privy-io/react-auth/dist/esm/index-8oxSeUIx.mjs (12:16266): A 
comment

"/*#__PURE__*/"

in "node_modules/@privy-io/react-auth/dist/esm/index-8oxSeUIx.mjs" contains an 
annotation that Rollup cannot interpret due to the position of the comment. 
The comment will be removed to avoid issues.
node_modules/@privy-io/react-auth/dist/esm/SignRequestScreen-C3IRgDld.mjs 
(8:241): A comment

"/*#__PURE__*/"

in "node_modules/@privy-io/react-auth/dist/esm/SignRequestScreen-C3IRgDld.mjs" 
contains an annotation that Rollup cannot interpret due to the position of the 
comment. The comment will be removed to avoid issues.
node_modules/@privy-io/react-auth/dist/esm/SignRequestScreen-C3IRgDld.mjs 
(8:2066): A comment

"/*#__PURE__*/"

in "node_modules/@privy-io/react-auth/dist/esm/SignRequestScreen-C3IRgDld.mjs" 
contains an annotation that Rollup cannot interpret due to the position of the 
comment. The comment will be removed to avoid issues.
node_modules/@privy-io/react-auth/dist/esm/TelegramAuthScreen-DRaipHFv.mjs 
(1:2216): A comment

"/*#__PURE__*/"

in 
"node_modules/@privy-io/react-auth/dist/esm/TelegramAuthScreen-DRaipHFv.mjs" 
contains an annotation that Rollup cannot interpret due to the position of the 
comment. The comment will be removed to avoid issues.
node_modules/@privy-io/react-auth/dist/esm/TelegramAuthScreen-DRaipHFv.mjs 
(1:4539): A comment

"/*#__PURE__*/"

in 
"node_modules/@privy-io/react-auth/dist/esm/TelegramAuthScreen-DRaipHFv.mjs" 
contains an annotation that Rollup cannot interpret due to the position of the 
comment. The comment will be removed to avoid issues.
node_modules/@privy-io/react-auth/dist/esm/UpdateEmailScreen-Zsu-0raV.mjs 
(1:3206): A comment

"/*#__PURE__*/"

in "node_modules/@privy-io/react-auth/dist/esm/UpdateEmailScreen-Zsu-0raV.mjs" 
contains an annotation that Rollup cannot interpret due to the position of the 
comment. The comment will be removed to avoid issues.
node_modules/@privy-io/react-auth/dist/esm/UpdatePhoneScreen-CK3ZfSFo.mjs 
(1:1510): A comment

"/*#__PURE__*/"

in "node_modules/@privy-io/react-auth/dist/esm/UpdatePhoneScreen-CK3ZfSFo.mjs" 
contains an annotation that Rollup cannot interpret due to the position of the 
comment. The comment will be removed to avoid issues.
node_modules/@privy-io/react-auth/dist/esm/UpdatePhoneScreen-CK3ZfSFo.mjs 
(1:1932): A comment

"/*#__PURE__*/"

in "node_modules/@privy-io/react-auth/dist/esm/UpdatePhoneScreen-CK3ZfSFo.mjs" 
contains an annotation that Rollup cannot interpret due to the position of the 
comment. The comment will be removed to avoid issues.
node_modules/@privy-io/react-auth/dist/esm/UserLimitReachedScreen-Clkc_GrR.mjs 
(1:1945): A comment

"/*#__PURE__*/"

in "node_modules/@privy-io/react-auth/dist/esm/UserLimitReachedScreen-Clkc_GrR.
mjs" contains an annotation that Rollup cannot interpret due to the position 
of the comment. The comment will be removed to avoid issues.
node_modules/@privy-io/react-auth/dist/esm/TransferFromWalletScreen-CBOVXpZ7.mj
s (1:4393): A comment

"/*#__PURE__*/"

in "node_modules/@privy-io/react-auth/dist/esm/TransferFromWalletScreen-CBOVXpZ
7.mjs" contains an annotation that Rollup cannot interpret due to the position 
of the comment. The comment will be removed to avoid issues.
node_modules/@privy-io/react-auth/dist/esm/StandardSignAndSendTransactionScreen
-a0VUwCKa.mjs (20:11603): A comment

"/*#__PURE__*/"

in "node_modules/@privy-io/react-auth/dist/esm/StandardSignAndSendTransactionSc
reen-a0VUwCKa.mjs" contains an annotation that Rollup cannot interpret due to 
the position of the comment. The comment will be removed to avoid issues.
node_modules/@privy-io/react-auth/dist/esm/StandardSignAndSendTransactionScreen
-a0VUwCKa.mjs (20:12615): A comment

"/*#__PURE__*/"

in "node_modules/@privy-io/react-auth/dist/esm/StandardSignAndSendTransactionSc
reen-a0VUwCKa.mjs" contains an annotation that Rollup cannot interpret due to 
the position of the comment. The comment will be removed to avoid issues.
node_modules/@farcaster/miniapp-sdk/node_modules/ox/_esm/core/Address.js 
(6:21): A comment

"/*#__PURE__*/"

in "node_modules/@farcaster/miniapp-sdk/node_modules/ox/_esm/core/Address.js" 
contains an annotation that Rollup cannot interpret due to the position of the 
comment. The comment will be removed to avoid issues.
node_modules/@privy-io/react-auth/dist/esm/ScreenLayout-ckYTMe7a.mjs (1:341): 
A comment

"/*#__PURE__*/"

in "node_modules/@privy-io/react-auth/dist/esm/ScreenLayout-ckYTMe7a.mjs" 
contains an annotation that Rollup cannot interpret due to the position of the 
comment. The comment will be removed to avoid issues.
node_modules/@privy-io/react-auth/dist/esm/ScreenLayout-ckYTMe7a.mjs (1:484): 
A comment

"/*#__PURE__*/"

in "node_modules/@privy-io/react-auth/dist/esm/ScreenLayout-ckYTMe7a.mjs" 
contains an annotation that Rollup cannot interpret due to the position of the 
comment. The comment will be removed to avoid issues.
node_modules/@privy-io/react-auth/dist/esm/ScreenLayout-ckYTMe7a.mjs (1:581): 
A comment

"/*#__PURE__*/"

in "node_modules/@privy-io/react-auth/dist/esm/ScreenLayout-ckYTMe7a.mjs" 
contains an annotation that Rollup cannot interpret due to the position of the 
comment. The comment will be removed to avoid issues.
node_modules/@privy-io/react-auth/dist/esm/ModalHeader-BHpZeArR.mjs (1:503): A 
comment

"/*#__PURE__*/"

in "node_modules/@privy-io/react-auth/dist/esm/ModalHeader-BHpZeArR.mjs" 
contains an annotation that Rollup cannot interpret due to the position of the 
comment. The comment will be removed to avoid issues.
node_modules/@privy-io/react-auth/dist/esm/ModalHeader-BHpZeArR.mjs (13:297): 
A comment

"/*#__PURE__*/"

in "node_modules/@privy-io/react-auth/dist/esm/ModalHeader-BHpZeArR.mjs" 
contains an annotation that Rollup cannot interpret due to the position of the 
comment. The comment will be removed to avoid issues.
node_modules/@privy-io/react-auth/dist/esm/ModalHeader-BHpZeArR.mjs (39:94): A 
comment

"/*#__PURE__*/"

in "node_modules/@privy-io/react-auth/dist/esm/ModalHeader-BHpZeArR.mjs" 
contains an annotation that Rollup cannot interpret due to the position of the 
comment. The comment will be removed to avoid issues.
node_modules/@privy-io/react-auth/dist/esm/ModalHeader-BHpZeArR.mjs (39:156): 
A comment

"/*#__PURE__*/"

in "node_modules/@privy-io/react-auth/dist/esm/ModalHeader-BHpZeArR.mjs" 
contains an annotation that Rollup cannot interpret due to the position of the 
comment. The comment will be removed to avoid issues.
node_modules/@privy-io/react-auth/dist/esm/ModalHeader-BHpZeArR.mjs (39:227): 
A comment

"/*#__PURE__*/"

in "node_modules/@privy-io/react-auth/dist/esm/ModalHeader-BHpZeArR.mjs" 
contains an annotation that Rollup cannot interpret due to the position of the 
comment. The comment will be removed to avoid issues.
node_modules/@privy-io/react-auth/dist/esm/ModalHeader-BHpZeArR.mjs (39:285): 
A comment

"/*#__PURE__*/"

in "node_modules/@privy-io/react-auth/dist/esm/ModalHeader-BHpZeArR.mjs" 
contains an annotation that Rollup cannot interpret due to the position of the 
comment. The comment will be removed to avoid issues.
node_modules/@privy-io/react-auth/dist/esm/ModalHeader-BHpZeArR.mjs (62:137): 
A comment

"/*#__PURE__*/"

in "node_modules/@privy-io/react-auth/dist/esm/ModalHeader-BHpZeArR.mjs" 
contains an annotation that Rollup cannot interpret due to the position of the 
comment. The comment will be removed to avoid issues.
node_modules/@privy-io/react-auth/dist/esm/ModalHeader-BHpZeArR.mjs (136:133): 
A comment

"/*#__PURE__*/"

in "node_modules/@privy-io/react-auth/dist/esm/ModalHeader-BHpZeArR.mjs" 
contains an annotation that Rollup cannot interpret due to the position of the 
comment. The comment will be removed to avoid issues.
node_modules/@privy-io/react-auth/dist/esm/ModalHeader-BHpZeArR.mjs (136:528): 
A comment

"/*#__PURE__*/"

in "node_modules/@privy-io/react-auth/dist/esm/ModalHeader-BHpZeArR.mjs" 
contains an annotation that Rollup cannot interpret due to the position of the 
comment. The comment will be removed to avoid issues.
node_modules/@privy-io/react-auth/dist/esm/ModalHeader-BHpZeArR.mjs (324:613): 
A comment

"/*#__PURE__*/"

in "node_modules/@privy-io/react-auth/dist/esm/ModalHeader-BHpZeArR.mjs" 
contains an annotation that Rollup cannot interpret due to the position of the 
comment. The comment will be removed to avoid issues.
node_modules/@privy-io/react-auth/dist/esm/CopyableText-ChtfBWx4.mjs (28:95): 
A comment

"/*#__PURE__*/"

in "node_modules/@privy-io/react-auth/dist/esm/CopyableText-ChtfBWx4.mjs" 
contains an annotation that Rollup cannot interpret due to the position of the 
comment. The comment will be removed to avoid issues.
node_modules/@privy-io/react-auth/dist/esm/CopyableText-ChtfBWx4.mjs (28:550): 
A comment

"/*#__PURE__*/"

in "node_modules/@privy-io/react-auth/dist/esm/CopyableText-ChtfBWx4.mjs" 
contains an annotation that Rollup cannot interpret due to the position of the 
comment. The comment will be removed to avoid issues.
node_modules/@privy-io/react-auth/dist/esm/QrCode-hs51lFyp.mjs (2:688): A 
comment

"/*#__PURE__*/"

in "node_modules/@privy-io/react-auth/dist/esm/QrCode-hs51lFyp.mjs" contains 
an annotation that Rollup cannot interpret due to the position of the comment. 
The comment will be removed to avoid issues.
node_modules/@privy-io/react-auth/dist/esm/QrCode-hs51lFyp.mjs (2:827): A 
comment

"/*#__PURE__*/"

in "node_modules/@privy-io/react-auth/dist/esm/QrCode-hs51lFyp.mjs" contains 
an annotation that Rollup cannot interpret due to the position of the comment. 
The comment will be removed to avoid issues.
node_modules/@privy-io/react-auth/dist/esm/QrCode-hs51lFyp.mjs (2:1087): A 
comment

"/*#__PURE__*/"

in "node_modules/@privy-io/react-auth/dist/esm/QrCode-hs51lFyp.mjs" contains 
an annotation that Rollup cannot interpret due to the position of the comment. 
The comment will be removed to avoid issues.
node_modules/@privy-io/react-auth/dist/esm/QrCode-hs51lFyp.mjs (16:133): A 
comment

"/*#__PURE__*/"

in "node_modules/@privy-io/react-auth/dist/esm/QrCode-hs51lFyp.mjs" contains 
an annotation that Rollup cannot interpret due to the position of the comment. 
The comment will be removed to avoid issues.
node_modules/@privy-io/react-auth/dist/esm/FundWalletMethodHeader-DptfRW5o.mjs 
(1:231): A comment

"/*#__PURE__*/"

in "node_modules/@privy-io/react-auth/dist/esm/FundWalletMethodHeader-DptfRW5o.
mjs" contains an annotation that Rollup cannot interpret due to the position 
of the comment. The comment will be removed to avoid issues.
node_modules/@privy-io/react-auth/dist/esm/BridgeNetworkSelectionView-CgmdqmqM.
mjs (69:292): A comment

"/*#__PURE__*/"

in "node_modules/@privy-io/react-auth/dist/esm/BridgeNetworkSelectionView-Cgmdq
mqM.mjs" contains an annotation that Rollup cannot interpret due to the 
position of the comment. The comment will be removed to avoid issues.
node_modules/@privy-io/react-auth/dist/esm/TransferOrBridgeLoadingScreen-SpAtHP
yM.mjs (1:836): A comment

"/*#__PURE__*/"

in "node_modules/@privy-io/react-auth/dist/esm/TransferOrBridgeLoadingScreen-Sp
AtHPyM.mjs" contains an annotation that Rollup cannot interpret due to the 
position of the comment. The comment will be removed to avoid issues.
node_modules/@privy-io/react-auth/dist/esm/NetworkIcon-B48ilzF8.mjs (1:12201): 
A comment

"/*#__PURE__*/"

in "node_modules/@privy-io/react-auth/dist/esm/NetworkIcon-B48ilzF8.mjs" 
contains an annotation that Rollup cannot interpret due to the position of the 
comment. The comment will be removed to avoid issues.
node_modules/@privy-io/react-auth/dist/esm/NetworkIcon-B48ilzF8.mjs (1:12244): 
A comment

"/*#__PURE__*/"

in "node_modules/@privy-io/react-auth/dist/esm/NetworkIcon-B48ilzF8.mjs" 
contains an annotation that Rollup cannot interpret due to the position of the 
comment. The comment will be removed to avoid issues.
node_modules/@privy-io/react-auth/dist/esm/TodoList-CgrU7uwu.mjs (15:227): A 
comment

"/*#__PURE__*/"

in "node_modules/@privy-io/react-auth/dist/esm/TodoList-CgrU7uwu.mjs" contains 
an annotation that Rollup cannot interpret due to the position of the comment. 
The comment will be removed to avoid issues.
node_modules/@privy-io/react-auth/dist/esm/TodoList-CgrU7uwu.mjs (16:0): A 
comment

"/*#__PURE__*/"

in "node_modules/@privy-io/react-auth/dist/esm/TodoList-CgrU7uwu.mjs" contains 
an annotation that Rollup cannot interpret due to the position of the comment. 
The comment will be removed to avoid issues.
node_modules/@privy-io/react-auth/dist/esm/TodoList-CgrU7uwu.mjs (16:132): A 
comment

"/*#__PURE__*/"

in "node_modules/@privy-io/react-auth/dist/esm/TodoList-CgrU7uwu.mjs" contains 
an annotation that Rollup cannot interpret due to the position of the comment. 
The comment will be removed to avoid issues.
node_modules/@privy-io/react-auth/dist/esm/TodoList-CgrU7uwu.mjs (16:204): A 
comment

"/*#__PURE__*/"

in "node_modules/@privy-io/react-auth/dist/esm/TodoList-CgrU7uwu.mjs" contains 
an annotation that Rollup cannot interpret due to the position of the comment. 
The comment will be removed to avoid issues.
node_modules/@privy-io/react-auth/dist/esm/CustomLandingScreenView-Cm82ewnQ.mjs
 (9:594): A comment

"/*#__PURE__*/"

in "node_modules/@privy-io/react-auth/dist/esm/CustomLandingScreenView-Cm82ewnQ
.mjs" contains an annotation that Rollup cannot interpret due to the position 
of the comment. The comment will be removed to avoid issues.
node_modules/@privy-io/react-auth/dist/esm/CustomLandingScreenView-Cm82ewnQ.mjs
 (9:1060): A comment

"/*#__PURE__*/"

in "node_modules/@privy-io/react-auth/dist/esm/CustomLandingScreenView-Cm82ewnQ
.mjs" contains an annotation that Rollup cannot interpret due to the position 
of the comment. The comment will be removed to avoid issues.
node_modules/@privy-io/react-auth/dist/esm/CustomLandingScreenView-Cm82ewnQ.mjs
 (11:3245): A comment

"/*#__PURE__*/"

in "node_modules/@privy-io/react-auth/dist/esm/CustomLandingScreenView-Cm82ewnQ
.mjs" contains an annotation that Rollup cannot interpret due to the position 
of the comment. The comment will be removed to avoid issues.
node_modules/@privy-io/react-auth/dist/esm/CustomLandingScreenView-Cm82ewnQ.mjs
 (11:5063): A comment

"/*#__PURE__*/"

in "node_modules/@privy-io/react-auth/dist/esm/CustomLandingScreenView-Cm82ewnQ
.mjs" contains an annotation that Rollup cannot interpret due to the position 
of the comment. The comment will be removed to avoid issues.
node_modules/@privy-io/react-auth/dist/esm/CustomLandingScreenView-Cm82ewnQ.mjs
 (13:305): A comment

"/*#__PURE__*/"

in "node_modules/@privy-io/react-auth/dist/esm/CustomLandingScreenView-Cm82ewnQ
.mjs" contains an annotation that Rollup cannot interpret due to the position 
of the comment. The comment will be removed to avoid issues.
node_modules/@privy-io/react-auth/dist/esm/CustomLandingScreenView-Cm82ewnQ.mjs
 (15:1736): A comment

"/*#__PURE__*/"

in "node_modules/@privy-io/react-auth/dist/esm/CustomLandingScreenView-Cm82ewnQ
.mjs" contains an annotation that Rollup cannot interpret due to the position 
of the comment. The comment will be removed to avoid issues.
node_modules/@privy-io/react-auth/dist/esm/CustomLandingScreenView-Cm82ewnQ.mjs
 (15:1898): A comment

"/*#__PURE__*/"

in "node_modules/@privy-io/react-auth/dist/esm/CustomLandingScreenView-Cm82ewnQ
.mjs" contains an annotation that Rollup cannot interpret due to the position 
of the comment. The comment will be removed to avoid issues.
node_modules/@privy-io/react-auth/dist/esm/CustomLandingScreenView-Cm82ewnQ.mjs
 (15:2058): A comment

"/*#__PURE__*/"

in "node_modules/@privy-io/react-auth/dist/esm/CustomLandingScreenView-Cm82ewnQ
.mjs" contains an annotation that Rollup cannot interpret due to the position 
of the comment. The comment will be removed to avoid issues.
node_modules/@privy-io/react-auth/dist/esm/CustomLandingScreenView-Cm82ewnQ.mjs
 (15:2122): A comment

"/*#__PURE__*/"

in "node_modules/@privy-io/react-auth/dist/esm/CustomLandingScreenView-Cm82ewnQ
.mjs" contains an annotation that Rollup cannot interpret due to the position 
of the comment. The comment will be removed to avoid issues.
node_modules/@privy-io/react-auth/dist/esm/CustomLandingScreenView-Cm82ewnQ.mjs
 (15:2190): A comment

"/*#__PURE__*/"

in "node_modules/@privy-io/react-auth/dist/esm/CustomLandingScreenView-Cm82ewnQ
.mjs" contains an annotation that Rollup cannot interpret due to the position 
of the comment. The comment will be removed to avoid issues.
node_modules/@privy-io/react-auth/dist/esm/CustomLandingScreenView-Cm82ewnQ.mjs
 (15:2237): A comment

"/*#__PURE__*/"

in "node_modules/@privy-io/react-auth/dist/esm/CustomLandingScreenView-Cm82ewnQ
.mjs" contains an annotation that Rollup cannot interpret due to the position 
of the comment. The comment will be removed to avoid issues.
node_modules/@privy-io/react-auth/dist/esm/CustomLandingScreenView-Cm82ewnQ.mjs
 (15:2301): A comment

"/*#__PURE__*/"

in "node_modules/@privy-io/react-auth/dist/esm/CustomLandingScreenView-Cm82ewnQ
.mjs" contains an annotation that Rollup cannot interpret due to the position 
of the comment. The comment will be removed to avoid issues.
node_modules/@privy-io/react-auth/dist/esm/CustomLandingScreenView-Cm82ewnQ.mjs
 (15:2367): A comment

"/*#__PURE__*/"

in "node_modules/@privy-io/react-auth/dist/esm/CustomLandingScreenView-Cm82ewnQ
.mjs" contains an annotation that Rollup cannot interpret due to the position 
of the comment. The comment will be removed to avoid issues.
node_modules/@privy-io/react-auth/dist/esm/CustomLandingScreenView-Cm82ewnQ.mjs
 (15:2433): A comment

"/*#__PURE__*/"

in "node_modules/@privy-io/react-auth/dist/esm/CustomLandingScreenView-Cm82ewnQ
.mjs" contains an annotation that Rollup cannot interpret due to the position 
of the comment. The comment will be removed to avoid issues.
node_modules/@privy-io/react-auth/dist/esm/CustomLandingScreenView-Cm82ewnQ.mjs
 (15:2495): A comment

"/*#__PURE__*/"

in "node_modules/@privy-io/react-auth/dist/esm/CustomLandingScreenView-Cm82ewnQ
.mjs" contains an annotation that Rollup cannot interpret due to the position 
of the comment. The comment will be removed to avoid issues.
node_modules/@privy-io/react-auth/dist/esm/CustomLandingScreenView-Cm82ewnQ.mjs
 (15:2557): A comment

"/*#__PURE__*/"

in "node_modules/@privy-io/react-auth/dist/esm/CustomLandingScreenView-Cm82ewnQ
.mjs" contains an annotation that Rollup cannot interpret due to the position 
of the comment. The comment will be removed to avoid issues.
node_modules/@privy-io/react-auth/dist/esm/CustomLandingScreenView-Cm82ewnQ.mjs
 (15:2622): A comment

"/*#__PURE__*/"

in "node_modules/@privy-io/react-auth/dist/esm/CustomLandingScreenView-Cm82ewnQ
.mjs" contains an annotation that Rollup cannot interpret due to the position 
of the comment. The comment will be removed to avoid issues.
node_modules/@privy-io/react-auth/dist/esm/CustomLandingScreenView-Cm82ewnQ.mjs
 (15:2690): A comment

"/*#__PURE__*/"

in "node_modules/@privy-io/react-auth/dist/esm/CustomLandingScreenView-Cm82ewnQ
.mjs" contains an annotation that Rollup cannot interpret due to the position 
of the comment. The comment will be removed to avoid issues.
node_modules/@privy-io/react-auth/dist/esm/CustomLandingScreenView-Cm82ewnQ.mjs
 (15:2758): A comment

"/*#__PURE__*/"

in "node_modules/@privy-io/react-auth/dist/esm/CustomLandingScreenView-Cm82ewnQ
.mjs" contains an annotation that Rollup cannot interpret due to the position 
of the comment. The comment will be removed to avoid issues.
node_modules/@privy-io/react-auth/dist/esm/CustomLandingScreenView-Cm82ewnQ.mjs
 (15:2825): A comment

"/*#__PURE__*/"

in "node_modules/@privy-io/react-auth/dist/esm/CustomLandingScreenView-Cm82ewnQ
.mjs" contains an annotation that Rollup cannot interpret due to the position 
of the comment. The comment will be removed to avoid issues.
node_modules/@privy-io/react-auth/dist/esm/CustomLandingScreenView-Cm82ewnQ.mjs
 (15:2864): A comment

"/*#__PURE__*/"

in "node_modules/@privy-io/react-auth/dist/esm/CustomLandingScreenView-Cm82ewnQ
.mjs" contains an annotation that Rollup cannot interpret due to the position 
of the comment. The comment will be removed to avoid issues.
node_modules/@privy-io/react-auth/dist/esm/CustomLandingScreenView-Cm82ewnQ.mjs
 (15:3026): A comment

"/*#__PURE__*/"

in "node_modules/@privy-io/react-auth/dist/esm/CustomLandingScreenView-Cm82ewnQ
.mjs" contains an annotation that Rollup cannot interpret due to the position 
of the comment. The comment will be removed to avoid issues.
node_modules/@privy-io/react-auth/dist/esm/CustomLandingScreenView-Cm82ewnQ.mjs
 (15:3159): A comment

"/*#__PURE__*/"

in "node_modules/@privy-io/react-auth/dist/esm/CustomLandingScreenView-Cm82ewnQ
.mjs" contains an annotation that Rollup cannot interpret due to the position 
of the comment. The comment will be removed to avoid issues.
node_modules/@privy-io/react-auth/dist/esm/CustomLandingScreenView-Cm82ewnQ.mjs
 (15:4532): A comment

"/*#__PURE__*/"

in "node_modules/@privy-io/react-auth/dist/esm/CustomLandingScreenView-Cm82ewnQ
.mjs" contains an annotation that Rollup cannot interpret due to the position 
of the comment. The comment will be removed to avoid issues.
node_modules/@privy-io/react-auth/dist/esm/CustomLandingScreenView-Cm82ewnQ.mjs
 (21:1803): A comment

"/*#__PURE__*/"

in "node_modules/@privy-io/react-auth/dist/esm/CustomLandingScreenView-Cm82ewnQ
.mjs" contains an annotation that Rollup cannot interpret due to the position 
of the comment. The comment will be removed to avoid issues.
node_modules/@privy-io/react-auth/dist/esm/CustomLandingScreenView-Cm82ewnQ.mjs
 (21:1963): A comment

"/*#__PURE__*/"

in "node_modules/@privy-io/react-auth/dist/esm/CustomLandingScreenView-Cm82ewnQ
.mjs" contains an annotation that Rollup cannot interpret due to the position 
of the comment. The comment will be removed to avoid issues.
node_modules/@privy-io/react-auth/dist/esm/CustomLandingScreenView-Cm82ewnQ.mjs
 (21:2121): A comment

"/*#__PURE__*/"

in "node_modules/@privy-io/react-auth/dist/esm/CustomLandingScreenView-Cm82ewnQ
.mjs" contains an annotation that Rollup cannot interpret due to the position 
of the comment. The comment will be removed to avoid issues.
node_modules/@privy-io/react-auth/dist/esm/CustomLandingScreenView-Cm82ewnQ.mjs
 (21:2185): A comment

"/*#__PURE__*/"

in "node_modules/@privy-io/react-auth/dist/esm/CustomLandingScreenView-Cm82ewnQ
.mjs" contains an annotation that Rollup cannot interpret due to the position 
of the comment. The comment will be removed to avoid issues.
node_modules/@privy-io/react-auth/dist/esm/CustomLandingScreenView-Cm82ewnQ.mjs
 (21:2253): A comment

"/*#__PURE__*/"

in "node_modules/@privy-io/react-auth/dist/esm/CustomLandingScreenView-Cm82ewnQ
.mjs" contains an annotation that Rollup cannot interpret due to the position 
of the comment. The comment will be removed to avoid issues.
node_modules/@privy-io/react-auth/dist/esm/CustomLandingScreenView-Cm82ewnQ.mjs
 (21:2300): A comment

"/*#__PURE__*/"

in "node_modules/@privy-io/react-auth/dist/esm/CustomLandingScreenView-Cm82ewnQ
.mjs" contains an annotation that Rollup cannot interpret due to the position 
of the comment. The comment will be removed to avoid issues.
node_modules/@privy-io/react-auth/dist/esm/CustomLandingScreenView-Cm82ewnQ.mjs
 (21:2364): A comment

"/*#__PURE__*/"

in "node_modules/@privy-io/react-auth/dist/esm/CustomLandingScreenView-Cm82ewnQ
.mjs" contains an annotation that Rollup cannot interpret due to the position 
of the comment. The comment will be removed to avoid issues.
node_modules/@privy-io/react-auth/dist/esm/CustomLandingScreenView-Cm82ewnQ.mjs
 (21:2430): A comment

"/*#__PURE__*/"

in "node_modules/@privy-io/react-auth/dist/esm/CustomLandingScreenView-Cm82ewnQ
.mjs" contains an annotation that Rollup cannot interpret due to the position 
of the comment. The comment will be removed to avoid issues.
node_modules/@privy-io/react-auth/dist/esm/CustomLandingScreenView-Cm82ewnQ.mjs
 (21:2497): A comment

"/*#__PURE__*/"

in "node_modules/@privy-io/react-auth/dist/esm/CustomLandingScreenView-Cm82ewnQ
.mjs" contains an annotation that Rollup cannot interpret due to the position 
of the comment. The comment will be removed to avoid issues.
node_modules/@privy-io/react-auth/dist/esm/CustomLandingScreenView-Cm82ewnQ.mjs
 (21:2565): A comment

"/*#__PURE__*/"

in "node_modules/@privy-io/react-auth/dist/esm/CustomLandingScreenView-Cm82ewnQ
.mjs" contains an annotation that Rollup cannot interpret due to the position 
of the comment. The comment will be removed to avoid issues.
node_modules/@privy-io/react-auth/dist/esm/CustomLandingScreenView-Cm82ewnQ.mjs
 (21:2632): A comment

"/*#__PURE__*/"

in "node_modules/@privy-io/react-auth/dist/esm/CustomLandingScreenView-Cm82ewnQ
.mjs" contains an annotation that Rollup cannot interpret due to the position 
of the comment. The comment will be removed to avoid issues.
node_modules/@privy-io/react-auth/dist/esm/CustomLandingScreenView-Cm82ewnQ.mjs
 (21:2694): A comment

"/*#__PURE__*/"

in "node_modules/@privy-io/react-auth/dist/esm/CustomLandingScreenView-Cm82ewnQ
.mjs" contains an annotation that Rollup cannot interpret due to the position 
of the comment. The comment will be removed to avoid issues.
node_modules/@privy-io/react-auth/dist/esm/CustomLandingScreenView-Cm82ewnQ.mjs
 (21:2756): A comment

"/*#__PURE__*/"

in "node_modules/@privy-io/react-auth/dist/esm/CustomLandingScreenView-Cm82ewnQ
.mjs" contains an annotation that Rollup cannot interpret due to the position 
of the comment. The comment will be removed to avoid issues.
node_modules/@privy-io/react-auth/dist/esm/CustomLandingScreenView-Cm82ewnQ.mjs
 (21:2821): A comment

"/*#__PURE__*/"

in "node_modules/@privy-io/react-auth/dist/esm/CustomLandingScreenView-Cm82ewnQ
.mjs" contains an annotation that Rollup cannot interpret due to the position 
of the comment. The comment will be removed to avoid issues.
node_modules/@privy-io/react-auth/dist/esm/CustomLandingScreenView-Cm82ewnQ.mjs
 (21:2888): A comment

"/*#__PURE__*/"

in "node_modules/@privy-io/react-auth/dist/esm/CustomLandingScreenView-Cm82ewnQ
.mjs" contains an annotation that Rollup cannot interpret due to the position 
of the comment. The comment will be removed to avoid issues.
node_modules/@privy-io/react-auth/dist/esm/CustomLandingScreenView-Cm82ewnQ.mjs
 (21:2945): A comment

"/*#__PURE__*/"

in "node_modules/@privy-io/react-auth/dist/esm/CustomLandingScreenView-Cm82ewnQ
.mjs" contains an annotation that Rollup cannot interpret due to the position 
of the comment. The comment will be removed to avoid issues.
node_modules/@privy-io/react-auth/dist/esm/CustomLandingScreenView-Cm82ewnQ.mjs
 (21:3561): A comment

"/*#__PURE__*/"

in "node_modules/@privy-io/react-auth/dist/esm/CustomLandingScreenView-Cm82ewnQ
.mjs" contains an annotation that Rollup cannot interpret due to the position 
of the comment. The comment will be removed to avoid issues.
node_modules/@privy-io/react-auth/dist/esm/ConnectEmailForm-B2kTNx_k.mjs 
(1:1653): A comment

"/*#__PURE__*/"

in "node_modules/@privy-io/react-auth/dist/esm/ConnectEmailForm-B2kTNx_k.mjs" 
contains an annotation that Rollup cannot interpret due to the position of the 
comment. The comment will be removed to avoid issues.
node_modules/@privy-io/react-auth/dist/esm/twitter-BoAxhlj6.mjs (1:7958): A 
comment

"/*#__PURE__*/"

in "node_modules/@privy-io/react-auth/dist/esm/twitter-BoAxhlj6.mjs" contains 
an annotation that Rollup cannot interpret due to the position of the comment. 
The comment will be removed to avoid issues.
node_modules/@privy-io/react-auth/dist/esm/twitter-BoAxhlj6.mjs (1:12540): A 
comment

"/*#__PURE__*/"

in "node_modules/@privy-io/react-auth/dist/esm/twitter-BoAxhlj6.mjs" contains 
an annotation that Rollup cannot interpret due to the position of the comment. 
The comment will be removed to avoid issues.
node_modules/@privy-io/react-auth/dist/esm/twitter-BoAxhlj6.mjs (1:13625): A 
comment

"/*#__PURE__*/"

in "node_modules/@privy-io/react-auth/dist/esm/twitter-BoAxhlj6.mjs" contains 
an annotation that Rollup cannot interpret due to the position of the comment. 
The comment will be removed to avoid issues.
node_modules/@privy-io/react-auth/dist/esm/twitter-BoAxhlj6.mjs (1:14609): A 
comment

"/*#__PURE__*/"

in "node_modules/@privy-io/react-auth/dist/esm/twitter-BoAxhlj6.mjs" contains 
an annotation that Rollup cannot interpret due to the position of the comment. 
The comment will be removed to avoid issues.
node_modules/@privy-io/react-auth/dist/esm/telegram-B-JqnkqZ.mjs (1:64): A 
comment

"/*#__PURE__*/"

in "node_modules/@privy-io/react-auth/dist/esm/telegram-B-JqnkqZ.mjs" contains 
an annotation that Rollup cannot interpret due to the position of the comment. 
The comment will be removed to avoid issues.
node_modules/@privy-io/react-auth/dist/esm/twitch-5IOe4sIQ.mjs (1:64): A 
comment

"/*#__PURE__*/"

in "node_modules/@privy-io/react-auth/dist/esm/twitch-5IOe4sIQ.mjs" contains 
an annotation that Rollup cannot interpret due to the position of the comment. 
The comment will be removed to avoid issues.
node_modules/@privy-io/react-auth/dist/esm/twitch-5IOe4sIQ.mjs (1:10025): A 
comment

"/*#__PURE__*/"

in "node_modules/@privy-io/react-auth/dist/esm/twitch-5IOe4sIQ.mjs" contains 
an annotation that Rollup cannot interpret due to the position of the comment. 
The comment will be removed to avoid issues.
node_modules/@privy-io/react-auth/dist/esm/SetWalletPasswordForm-DhQuDCQn.mjs 
(2:313): A comment

"/*#__PURE__*/"

in "node_modules/@privy-io/react-auth/dist/esm/SetWalletPasswordForm-DhQuDCQn.m
js" contains an annotation that Rollup cannot interpret due to the position of 
the comment. The comment will be removed to avoid issues.
node_modules/@privy-io/react-auth/dist/esm/SetWalletPasswordForm-DhQuDCQn.mjs 
(5:1029): A comment

"/*#__PURE__*/"

in "node_modules/@privy-io/react-auth/dist/esm/SetWalletPasswordForm-DhQuDCQn.m
js" contains an annotation that Rollup cannot interpret due to the position of 
the comment. The comment will be removed to avoid issues.
node_modules/@privy-io/react-auth/dist/esm/SetWalletPasswordForm-DhQuDCQn.mjs 
(12:530): A comment

"/*#__PURE__*/"

in "node_modules/@privy-io/react-auth/dist/esm/SetWalletPasswordForm-DhQuDCQn.m
js" contains an annotation that Rollup cannot interpret due to the position of 
the comment. The comment will be removed to avoid issues.
node_modules/@privy-io/react-auth/dist/esm/OpenLink-DZHy38vr.mjs (1:143): A 
comment

"/*#__PURE__*/"

in "node_modules/@privy-io/react-auth/dist/esm/OpenLink-DZHy38vr.mjs" contains 
an annotation that Rollup cannot interpret due to the position of the comment. 
The comment will be removed to avoid issues.
node_modules/@privy-io/react-auth/dist/esm/CopyToClipboard-DSTf_eKU.mjs 
(1:2067): A comment

"/*#__PURE__*/"

in "node_modules/@privy-io/react-auth/dist/esm/CopyToClipboard-DSTf_eKU.mjs" 
contains an annotation that Rollup cannot interpret due to the position of the 
comment. The comment will be removed to avoid issues.
node_modules/@privy-io/react-auth/dist/esm/SelectSourceAsset-BiVSKk8W.mjs 
(1:1010): A comment

"/*#__PURE__*/"

in "node_modules/@privy-io/react-auth/dist/esm/SelectSourceAsset-BiVSKk8W.mjs" 
contains an annotation that Rollup cannot interpret due to the position of the 
comment. The comment will be removed to avoid issues.
node_modules/@privy-io/react-auth/dist/esm/SelectSourceAsset-BiVSKk8W.mjs 
(1:1413): A comment

"/*#__PURE__*/"

in "node_modules/@privy-io/react-auth/dist/esm/SelectSourceAsset-BiVSKk8W.mjs" 
contains an annotation that Rollup cannot interpret due to the position of the 
comment. The comment will be removed to avoid issues.
node_modules/@privy-io/react-auth/dist/esm/SelectSourceAsset-BiVSKk8W.mjs 
(71:240): A comment

"/*#__PURE__*/"

in "node_modules/@privy-io/react-auth/dist/esm/SelectSourceAsset-BiVSKk8W.mjs" 
contains an annotation that Rollup cannot interpret due to the position of the 
comment. The comment will be removed to avoid issues.
node_modules/@privy-io/react-auth/dist/esm/PinInput-B8vD-umi.mjs (169:3839): A 
comment

"/*#__PURE__*/"

in "node_modules/@privy-io/react-auth/dist/esm/PinInput-B8vD-umi.mjs" contains 
an annotation that Rollup cannot interpret due to the position of the comment. 
The comment will be removed to avoid issues.
node_modules/@privy-io/react-auth/dist/esm/EnrollTotp-CAIluxQb.mjs (12:269): A 
comment

"/*#__PURE__*/"

in "node_modules/@privy-io/react-auth/dist/esm/EnrollTotp-CAIluxQb.mjs" 
contains an annotation that Rollup cannot interpret due to the position of the 
comment. The comment will be removed to avoid issues.
node_modules/@privy-io/react-auth/dist/esm/EnrollTotp-CAIluxQb.mjs (20:12815): 
A comment

"/*#__PURE__*/"

in "node_modules/@privy-io/react-auth/dist/esm/EnrollTotp-CAIluxQb.mjs" 
contains an annotation that Rollup cannot interpret due to the position of the 
comment. The comment will be removed to avoid issues.
node_modules/@privy-io/react-auth/dist/esm/EnrollTotp-CAIluxQb.mjs (65:196): A 
comment

"/*#__PURE__*/"

in "node_modules/@privy-io/react-auth/dist/esm/EnrollTotp-CAIluxQb.mjs" 
contains an annotation that Rollup cannot interpret due to the position of the 
comment. The comment will be removed to avoid issues.
node_modules/@privy-io/react-auth/dist/esm/to-ui-error-NmleEup3.mjs (4:133): A 
comment

"/*#__PURE__*/"

in "node_modules/@privy-io/react-auth/dist/esm/to-ui-error-NmleEup3.mjs" 
contains an annotation that Rollup cannot interpret due to the position of the 
comment. The comment will be removed to avoid issues.
node_modules/@privy-io/react-auth/dist/esm/to-ui-error-NmleEup3.mjs (4:1378): 
A comment

"/*#__PURE__*/"

in "node_modules/@privy-io/react-auth/dist/esm/to-ui-error-NmleEup3.mjs" 
contains an annotation that Rollup cannot interpret due to the position of the 
comment. The comment will be removed to avoid issues.
node_modules/@privy-io/react-auth/dist/esm/to-ui-error-NmleEup3.mjs (4:2045): 
A comment

"/*#__PURE__*/"

in "node_modules/@privy-io/react-auth/dist/esm/to-ui-error-NmleEup3.mjs" 
contains an annotation that Rollup cannot interpret due to the position of the 
comment. The comment will be removed to avoid issues.
node_modules/@privy-io/react-auth/dist/esm/WalletLink-DeSMlf_g.mjs (1:460): A 
comment

"/*#__PURE__*/"

in "node_modules/@privy-io/react-auth/dist/esm/WalletLink-DeSMlf_g.mjs" 
contains an annotation that Rollup cannot interpret due to the position of the 
comment. The comment will be removed to avoid issues.
node_modules/@privy-io/react-auth/dist/esm/WalletLink-DeSMlf_g.mjs (1:591): A 
comment

"/*#__PURE__*/"

in "node_modules/@privy-io/react-auth/dist/esm/WalletLink-DeSMlf_g.mjs" 
contains an annotation that Rollup cannot interpret due to the position of the 
comment. The comment will be removed to avoid issues.
node_modules/@privy-io/react-auth/dist/esm/WalletLink-DeSMlf_g.mjs (2:263): A 
comment

"/*#__PURE__*/"

in "node_modules/@privy-io/react-auth/dist/esm/WalletLink-DeSMlf_g.mjs" 
contains an annotation that Rollup cannot interpret due to the position of the 
comment. The comment will be removed to avoid issues.
node_modules/@privy-io/react-auth/dist/esm/TransactionDetails-_NYfIe-K.mjs 
(25:416): A comment

"/*#__PURE__*/"

in 
"node_modules/@privy-io/react-auth/dist/esm/TransactionDetails-_NYfIe-K.mjs" 
contains an annotation that Rollup cannot interpret due to the position of the 
comment. The comment will be removed to avoid issues.
node_modules/@privy-io/react-auth/dist/esm/TransactionDetails-_NYfIe-K.mjs 
(44:112): A comment

"/*#__PURE__*/"

in 
"node_modules/@privy-io/react-auth/dist/esm/TransactionDetails-_NYfIe-K.mjs" 
contains an annotation that Rollup cannot interpret due to the position of the 
comment. The comment will be removed to avoid issues.
node_modules/@privy-io/react-auth/dist/esm/TransactionDetails-_NYfIe-K.mjs 
(44:317): A comment

"/*#__PURE__*/"

in 
"node_modules/@privy-io/react-auth/dist/esm/TransactionDetails-_NYfIe-K.mjs" 
contains an annotation that Rollup cannot interpret due to the position of the 
comment. The comment will be removed to avoid issues.
node_modules/@privy-io/react-auth/dist/esm/TransactionDetails-_NYfIe-K.mjs 
(44:553): A comment

"/*#__PURE__*/"

in 
"node_modules/@privy-io/react-auth/dist/esm/TransactionDetails-_NYfIe-K.mjs" 
contains an annotation that Rollup cannot interpret due to the position of the 
comment. The comment will be removed to avoid issues.
node_modules/@privy-io/react-auth/dist/esm/TransactionDetails-_NYfIe-K.mjs 
(45:317): A comment

"/*#__PURE__*/"

in 
"node_modules/@privy-io/react-auth/dist/esm/TransactionDetails-_NYfIe-K.mjs" 
contains an annotation that Rollup cannot interpret due to the position of the 
comment. The comment will be removed to avoid issues.
node_modules/@privy-io/react-auth/dist/esm/TransactionDetails-_NYfIe-K.mjs 
(45:469): A comment

"/*#__PURE__*/"

in 
"node_modules/@privy-io/react-auth/dist/esm/TransactionDetails-_NYfIe-K.mjs" 
contains an annotation that Rollup cannot interpret due to the position of the 
comment. The comment will be removed to avoid issues.
node_modules/@privy-io/react-auth/dist/esm/TransactionDetails-_NYfIe-K.mjs 
(103:111): A comment

"/*#__PURE__*/"

in 
"node_modules/@privy-io/react-auth/dist/esm/TransactionDetails-_NYfIe-K.mjs" 
contains an annotation that Rollup cannot interpret due to the position of the 
comment. The comment will be removed to avoid issues.
node_modules/@privy-io/react-auth/dist/esm/JsonTree-aPaJmPx7.mjs (1:346): A 
comment

"/*#__PURE__*/"

in "node_modules/@privy-io/react-auth/dist/esm/JsonTree-aPaJmPx7.mjs" contains 
an annotation that Rollup cannot interpret due to the position of the comment. 
The comment will be removed to avoid issues.
node_modules/@privy-io/react-auth/dist/esm/TransactionErrorView-BC0yUDQD.mjs 
(10:102): A comment

"/*#__PURE__*/"

in 
"node_modules/@privy-io/react-auth/dist/esm/TransactionErrorView-BC0yUDQD.mjs" 
contains an annotation that Rollup cannot interpret due to the position of the 
comment. The comment will be removed to avoid issues.
node_modules/@privy-io/react-auth/dist/esm/TransactionErrorView-BC0yUDQD.mjs 
(10:486): A comment

"/*#__PURE__*/"

in 
"node_modules/@privy-io/react-auth/dist/esm/TransactionErrorView-BC0yUDQD.mjs" 
contains an annotation that Rollup cannot interpret due to the position of the 
comment. The comment will be removed to avoid issues.
node_modules/@privy-io/react-auth/dist/esm/TransactionErrorView-BC0yUDQD.mjs 
(37:116): A comment

"/*#__PURE__*/"

in 
"node_modules/@privy-io/react-auth/dist/esm/TransactionErrorView-BC0yUDQD.mjs" 
contains an annotation that Rollup cannot interpret due to the position of the 
comment. The comment will be removed to avoid issues.
node_modules/@privy-io/react-auth/dist/esm/TransactionErrorView-BC0yUDQD.mjs 
(44:1069): A comment

"/*#__PURE__*/"

in 
"node_modules/@privy-io/react-auth/dist/esm/TransactionErrorView-BC0yUDQD.mjs" 
contains an annotation that Rollup cannot interpret due to the position of the 
comment. The comment will be removed to avoid issues.
node_modules/@privy-io/react-auth/dist/esm/TransactionErrorView-BC0yUDQD.mjs 
(45:876): A comment

"/*#__PURE__*/"

in 
"node_modules/@privy-io/react-auth/dist/esm/TransactionErrorView-BC0yUDQD.mjs" 
contains an annotation that Rollup cannot interpret due to the position of the 
comment. The comment will be removed to avoid issues.
node_modules/@privy-io/react-auth/dist/esm/TransactionErrorView-BC0yUDQD.mjs 
(70:942): A comment

"/*#__PURE__*/"

in 
"node_modules/@privy-io/react-auth/dist/esm/TransactionErrorView-BC0yUDQD.mjs" 
contains an annotation that Rollup cannot interpret due to the position of the 
comment. The comment will be removed to avoid issues.
node_modules/@walletconnect/utils/node_modules/ox/_esm/core/Base64.js (6:27): 
A comment

"/*#__PURE__*/"

in "node_modules/@walletconnect/utils/node_modules/ox/_esm/core/Base64.js" 
contains an annotation that Rollup cannot interpret due to the position of the 
comment. The comment will be removed to avoid issues.
node_modules/@farcaster/miniapp-sdk/node_modules/ox/_esm/core/Json.js (1:21): 
A comment

"/*#__PURE__*/"

in "node_modules/@farcaster/miniapp-sdk/node_modules/ox/_esm/core/Json.js" 
contains an annotation that Rollup cannot interpret due to the position of the 
comment. The comment will be removed to avoid issues.
node_modules/@base-org/account/node_modules/ox/_esm/core/Address.js (6:21): A 
comment

"/*#__PURE__*/"

in "node_modules/@base-org/account/node_modules/ox/_esm/core/Address.js" 
contains an annotation that Rollup cannot interpret due to the position of the 
comment. The comment will be removed to avoid issues.
node_modules/@base-org/account/node_modules/ox/_esm/core/Base64.js (6:27): A 
comment

"/*#__PURE__*/"

in "node_modules/@base-org/account/node_modules/ox/_esm/core/Base64.js" 
contains an annotation that Rollup cannot interpret due to the position of the 
comment. The comment will be removed to avoid issues.
node_modules/@base-org/account/node_modules/ox/_esm/core/internal/cursor.js 
(2:21): A comment

"/*#__PURE__*/"

in 
"node_modules/@base-org/account/node_modules/ox/_esm/core/internal/cursor.js" 
contains an annotation that Rollup cannot interpret due to the position of the 
comment. The comment will be removed to avoid issues.
[32mΓ£ô[39m 10384 modules transformed.
rendering chunks...
computing gzip size...
[2m../dist/public/[22m[32mindex.html                                    [39m[1m[2m    5.49 kB[22m[1m[22m[2m Γöé gzip:   1.83 kB[22m
[2m../dist/public/[22m[35massets/BantahBro-C9-eLO4J.css                 [39m[1m[2m    8.76 kB[22m[1m[22m[2m Γöé gzip:   1.58 kB[22m
[2m../dist/public/[22m[35massets/index-Caf8b0US.css                     [39m[1m[2m  313.43 kB[22m[1m[22m[2m Γöé gzip:  45.23 kB[22m
[2m../dist/public/[22m[36massets/react-auth-FmFgRqLi.js                 [39m[1m[2m    0.03 kB[22m[1m[22m[2m Γöé gzip:   0.05 kB[22m
[2m../dist/public/[22m[36massets/react-auth-EsbCP2xM.js                 [39m[1m[2m    0.03 kB[22m[1m[22m[2m Γöé gzip:   0.05 kB[22m
[2m../dist/public/[22m[36massets/feeConfig-fqKhnf-V.js                  [39m[1m[2m    0.06 kB[22m[1m[22m[2m Γöé gzip:   0.06 kB[22m
[2m../dist/public/[22m[36massets/currencyUtils-aRaIpbJX.js              [39m[1m[2m    0.06 kB[22m[1m[22m[2m Γöé gzip:   0.08 kB[22m
[2m../dist/public/[22m[36massets/authUtils-CcDzk6i0.js                  [39m[1m[2m    0.08 kB[22m[1m[22m[2m Γöé gzip:   0.10 kB[22m
[2m../dist/public/[22m[36massets/useNetworkState-bEVXgIFn.js            [39m[1m[2m    0.18 kB[22m[1m[22m[2m Γöé gzip:   0.16 kB[22m
[2m../dist/public/[22m[36massets/skeleton-VNdQGEfP.js                   [39m[1m[2m    0.21 kB[22m[1m[22m[2m Γöé gzip:   0.18 kB[22m
[2m../dist/public/[22m[36massets/bantCredit-GCTFljG9.js                 [39m[1m[2m    0.25 kB[22m[1m[22m[2m Γöé gzip:   0.18 kB[22m
[2m../dist/public/[22m[36massets/agentSpecialty-B15i77li.js             [39m[1m[2m    0.30 kB[22m[1m[22m[2m Γöé gzip:   0.21 kB[22m
[2m../dist/public/[22m[36massets/label-g6ojkTl1.js                      [39m[1m[2m    0.33 kB[22m[1m[22m[2m Γöé gzip:   0.25 kB[22m
[2m../dist/public/[22m[36massets/separator-Bc0tJTpV.js                  [39m[1m[2m    0.36 kB[22m[1m[22m[2m Γöé gzip:   0.26 kB[22m
[2m../dist/public/[22m[36massets/useBadges-DVX5kRYK.js                  [39m[1m[2m    0.39 kB[22m[1m[22m[2m Γöé gzip:   0.25 kB[22m
[2m../dist/public/[22m[36massets/progress-Cn9dUfLZ.js                   [39m[1m[2m    0.43 kB[22m[1m[22m[2m Γöé gzip:   0.31 kB[22m
[2m../dist/public/[22m[36massets/BantahBroAds-CC9YkfPG.js               [39m[1m[2m    0.47 kB[22m[1m[22m[2m Γöé gzip:   0.29 kB[22m
[2m../dist/public/[22m[36massets/BantahBroDocs-C9GRxk0s.js              [39m[1m[2m    0.47 kB[22m[1m[22m[2m Γöé gzip:   0.29 kB[22m
[2m../dist/public/[22m[36massets/BantahBroAgents-Caskr36U.js            [39m[1m[2m    0.48 kB[22m[1m[22m[2m Γöé gzip:   0.30 kB[22m
[2m../dist/public/[22m[36massets/BantahBroImport-CoFn8zLu.js            [39m[1m[2m    0.48 kB[22m[1m[22m[2m Γöé gzip:   0.29 kB[22m
[2m../dist/public/[22m[36massets/BantahBroLauncher-BHDdBMpG.js          [39m[1m[2m    0.48 kB[22m[1m[22m[2m Γöé gzip:   0.29 kB[22m
[2m../dist/public/[22m[36massets/BantahBroBattles-DKQ7xtGl.js           [39m[1m[2m    0.48 kB[22m[1m[22m[2m Γöé gzip:   0.30 kB[22m
[2m../dist/public/[22m[36massets/BantahBroBattlesDuplicate-DVvAQ73c.js  [39m[1m[2m    0.48 kB[22m[1m[22m[2m Γöé gzip:   0.30 kB[22m
[2m../dist/public/[22m[36massets/BantahBroRewards-CI223Ift.js           [39m[1m[2m    0.48 kB[22m[1m[22m[2m Γöé gzip:   0.30 kB[22m
[2m../dist/public/[22m[36massets/BantahBroFighters-DGHl2BJu.js          [39m[1m[2m    0.48 kB[22m[1m[22m[2m Γöé gzip:   0.30 kB[22m
[2m../dist/public/[22m[36massets/BantahBroPolymarket-DUf5fkCS.js        [39m[1m[2m    0.48 kB[22m[1m[22m[2m Γöé gzip:   0.30 kB[22m
[2m../dist/public/[22m[36massets/BantahBroRugScorer-BCzjeNhs.js         [39m[1m[2m    0.48 kB[22m[1m[22m[2m Γöé gzip:   0.30 kB[22m
[2m../dist/public/[22m[36massets/BantahBroMarketplace-DHg4VtNs.js       [39m[1m[2m    0.48 kB[22m[1m[22m[2m Γöé gzip:   0.30 kB[22m
[2m../dist/public/[22m[36massets/BantahBroCommunities-s7R8xxMe.js       [39m[1m[2m    0.48 kB[22m[1m[22m[2m Γöé gzip:   0.30 kB[22m
[2m../dist/public/[22m[36massets/BantahBroPolymarketBattle-kUwupKWP.js  [39m[1m[2m    0.55 kB[22m[1m[22m[2m Γöé gzip:   0.33 kB[22m
[2m../dist/public/[22m[36massets/textarea-BEPWsTV6.js                   [39m[1m[2m    0.58 kB[22m[1m[22m[2m Γöé gzip:   0.36 kB[22m
[2m../dist/public/[22m[36massets/uploadImage-BhDhubFG.js                [39m[1m[2m    0.63 kB[22m[1m[22m[2m Γöé gzip:   0.42 kB[22m
[2m../dist/public/[22m[36massets/main-content-vXBnatYk.js               [39m[1m[2m    0.64 kB[22m[1m[22m[2m Γöé gzip:   0.37 kB[22m
[2m../dist/public/[22m[36massets/avatar-FxjePmoW.js                     [39m[1m[2m    0.64 kB[22m[1m[22m[2m Γöé gzip:   0.32 kB[22m
[2m../dist/public/[22m[36massets/botaUrl-BJOq7KDH.js                    [39m[1m[2m    0.66 kB[22m[1m[22m[2m Γöé gzip:   0.36 kB[22m
[2m../dist/public/[22m[36massets/levelSystem-BbKtcaOh.js                [39m[1m[2m    0.68 kB[22m[1m[22m[2m Γöé gzip:   0.27 kB[22m
[2m../dist/public/[22m[36massets/checkbox-BYEWyQs5.js                   [39m[1m[2m    0.70 kB[22m[1m[22m[2m Γöé gzip:   0.40 kB[22m
[2m../dist/public/[22m[36massets/badge-DcwCf3hF.js                      [39m[1m[2m    0.74 kB[22m[1m[22m[2m Γöé gzip:   0.39 kB[22m
[2m../dist/public/[22m[36massets/signing-CjgRtg_k.js                    [39m[1m[2m    0.77 kB[22m[1m[22m[2m Γöé gzip:   0.47 kB[22m
[2m../dist/public/[22m[36massets/scroll-area-D9ZID3CX.js                [39m[1m[2m    0.81 kB[22m[1m[22m[2m Γöé gzip:   0.42 kB[22m
[2m../dist/public/[22m[36massets/switch-DHMoCvgP.js                     [39m[1m[2m    0.81 kB[22m[1m[22m[2m Γöé gzip:   0.44 kB[22m
[2m../dist/public/[22m[36massets/input-BgGmeZJb.js                      [39m[1m[2m    0.91 kB[22m[1m[22m[2m Γöé gzip:   0.47 kB[22m
[2m../dist/public/[22m[36massets/adminApi-CAshnZ8D.js                   [39m[1m[2m    0.92 kB[22m[1m[22m[2m Γöé gzip:   0.56 kB[22m
[2m../dist/public/[22m[36massets/alert-NogtfQ0t.js                      [39m[1m[2m    0.94 kB[22m[1m[22m[2m Γöé gzip:   0.48 kB[22m
[2m../dist/public/[22m[36massets/AgentAvatar-C_ovXQuQ.js                [39m[1m[2m    1.02 kB[22m[1m[22m[2m Γöé gzip:   0.61 kB[22m
[2m../dist/public/[22m[36massets/card-03HVFHOV.js                       [39m[1m[2m    1.03 kB[22m[1m[22m[2m Γöé gzip:   0.39 kB[22m
[2m../dist/public/[22m[36massets/UserAvatar-BmXS8VKk.js                 [39m[1m[2m    1.04 kB[22m[1m[22m[2m Γöé gzip:   0.55 kB[22m
[2m../dist/public/[22m[36massets/tabs-BwaSW-gJ.js                       [39m[1m[2m    1.20 kB[22m[1m[22m[2m Γöé gzip:   0.52 kB[22m
[2m../dist/public/[22m[36massets/not-found-qZdOpQ7B.js                  [39m[1m[2m    1.24 kB[22m[1m[22m[2m Γöé gzip:   0.58 kB[22m
[2m../dist/public/[22m[36massets/MobileLayout-B8u1VyNj.js               [39m[1m[2m    1.31 kB[22m[1m[22m[2m Γöé gzip:   0.57 kB[22m
[2m../dist/public/[22m[36massets/useEnsureOnchainWallet-CMLiwpxc.js     [39m[1m[2m    1.31 kB[22m[1m[22m[2m Γöé gzip:   0.69 kB[22m
[2m../dist/public/[22m[36massets/avatarUtils-CmuVZ0fv.js                [39m[1m[2m    1.59 kB[22m[1m[22m[2m Γöé gzip:   0.87 kB[22m
[2m../dist/public/[22m[36massets/botaCharacterLayer-Drye1A1X.js         [39m[1m[2m    1.86 kB[22m[1m[22m[2m Γöé gzip:   0.81 kB[22m
[2m../dist/public/[22m[36massets/useWebSocket-B-rVDIB1.js               [39m[1m[2m    2.12 kB[22m[1m[22m[2m Γöé gzip:   1.02 kB[22m
[2m../dist/public/[22m[36massets/DynamicMetaTags-DHQ6XoKx.js            [39m[1m[2m    2.50 kB[22m[1m[22m[2m Γöé gzip:   1.11 kB[22m
[2m../dist/public/[22m[36massets/usePublicUserBasic-CEJBJ16A.js         [39m[1m[2m    2.51 kB[22m[1m[22m[2m Γöé gzip:   0.97 kB[22m
[2m../dist/public/[22m[36massets/sharing-D5vTfVmz.js                    [39m[1m[2m    2.66 kB[22m[1m[22m[2m Γöé gzip:   1.20 kB[22m
[2m../dist/public/[22m[36massets/playful-loading-D0fTQPYU.js            [39m[1m[2m    2.67 kB[22m[1m[22m[2m Γöé gzip:   1.04 kB[22m
[2m../dist/public/[22m[36massets/form-CdVTvdZz.js                       [39m[1m[2m    2.98 kB[22m[1m[22m[2m Γöé gzip:   1.03 kB[22m
[2m../dist/public/[22m[36massets/select-DMROBU-J.js                     [39m[1m[2m    3.17 kB[22m[1m[22m[2m Γöé gzip:   1.16 kB[22m
[2m../dist/public/[22m[36massets/BotaInventoryBrowser-Dc96e0Be.js       [39m[1m[2m    3.20 kB[22m[1m[22m[2m Γöé gzip:   1.30 kB[22m
[2m../dist/public/[22m[36massets/dropdown-menu-tMMpSL4N.js              [39m[1m[2m    3.81 kB[22m[1m[22m[2m Γöé gzip:   1.04 kB[22m
[2m../dist/public/[22m[36massets/polymarket-battle-page-C_BUmIPB.js     [39m[1m[2m    3.91 kB[22m[1m[22m[2m Γöé gzip:   1.92 kB[22m
[2m../dist/public/[22m[36massets/AdminLogin-BrV6rJQz.js                 [39m[1m[2m    4.15 kB[22m[1m[22m[2m Γöé gzip:   1.61 kB[22m
[2m../dist/public/[22m[36massets/walletActions-Q9hCrC7D.js              [39m[1m[2m    4.17 kB[22m[1m[22m[2m Γöé gzip:   1.55 kB[22m
[2m../dist/public/[22m[36massets/MobileNavigation-o5AXCB3b.js           [39m[1m[2m    4.37 kB[22m[1m[22m[2m Γöé gzip:   1.76 kB[22m
[2m../dist/public/[22m[36massets/Landing-CK61UsuC.js                    [39m[1m[2m    5.18 kB[22m[1m[22m[2m Γöé gzip:   1.80 kB[22m
[2m../dist/public/[22m[36massets/BotaPackOpener-D3QNn22c.js             [39m[1m[2m    5.24 kB[22m[1m[22m[2m Γöé gzip:   1.85 kB[22m
[2m../dist/public/[22m[36massets/TelegramLink-D00SQ_ZK.js               [39m[1m[2m    5.27 kB[22m[1m[22m[2m Γöé gzip:   2.00 kB[22m
[2m../dist/public/[22m[36massets/Skills-HltUMxau.js                     [39m[1m[2m    6.01 kB[22m[1m[22m[2m Γöé gzip:   1.89 kB[22m
[2m../dist/public/[22m[36massets/notifications-page-EQyJPbZh.js         [39m[1m[2m    6.91 kB[22m[1m[22m[2m Γöé gzip:   2.36 kB[22m
[2m../dist/public/[22m[36massets/DailyLoginModal-BAdEk9uq.js            [39m[1m[2m    7.21 kB[22m[1m[22m[2m Γöé gzip:   2.59 kB[22m
[2m../dist/public/[22m[36massets/Stories--x9vAPit.js                    [39m[1m[2m    7.37 kB[22m[1m[22m[2m Γöé gzip:   2.26 kB[22m
[2m../dist/public/[22m[36massets/AdminAnalytics-BA5m4mKp.js             [39m[1m[2m    7.46 kB[22m[1m[22m[2m Γöé gzip:   1.74 kB[22m
[2m../dist/public/[22m[36massets/AdminLayout-YChJVlzi.js                [39m[1m[2m    7.47 kB[22m[1m[22m[2m Γöé gzip:   2.42 kB[22m
[2m../dist/public/[22m[36massets/ProfileQRCode-BTl8afG3.js              [39m[1m[2m    7.83 kB[22m[1m[22m[2m Γöé gzip:   2.68 kB[22m
[2m../dist/public/[22m[36massets/AdminRugScorerReports-DJyJcYVP.js      [39m[1m[2m    7.88 kB[22m[1m[22m[2m Γöé gzip:   2.60 kB[22m
[2m../dist/public/[22m[36massets/TermsOfService-CKEaGXc0.js             [39m[1m[2m    8.02 kB[22m[1m[22m[2m Γöé gzip:   3.22 kB[22m
[2m../dist/public/[22m[36massets/onchainEscrow-C9y3jAUE.js              [39m[1m[2m    8.16 kB[22m[1m[22m[2m Γöé gzip:   2.75 kB[22m
[2m../dist/public/[22m[36massets/AdminPayoutDashboard-BkzYf-gp.js       [39m[1m[2m    8.38 kB[22m[1m[22m[2m Γöé gzip:   2.41 kB[22m
[2m../dist/public/[22m[36massets/BotaNotificationsPage-BJNcmQUc.js      [39m[1m[2m    8.59 kB[22m[1m[22m[2m Γöé gzip:   3.06 kB[22m
[2m../dist/public/[22m[36massets/Home-Cp6AxSRd.js                       [39m[1m[2m    8.72 kB[22m[1m[22m[2m Γöé gzip:   2.69 kB[22m
[2m../dist/public/[22m[36massets/feed-page-CH6LMp6t.js                  [39m[1m[2m    8.91 kB[22m[1m[22m[2m Γöé gzip:   2.85 kB[22m
[2m../dist/public/[22m[36massets/leaderboard-page-BtIDMyo6.js           [39m[1m[2m    9.00 kB[22m[1m[22m[2m Γöé gzip:   2.85 kB[22m
[2m../dist/public/[22m[36massets/AgentManagement-thCnwtO7.js            [39m[1m[2m    9.11 kB[22m[1m[22m[2m Γöé gzip:   2.76 kB[22m
[2m../dist/public/[22m[36massets/AdminChallengeCreate-By0faFBc.js       [39m[1m[2m    9.45 kB[22m[1m[22m[2m Γöé gzip:   3.24 kB[22m
[2m../dist/public/[22m[36massets/PartnerSignup-Ebv4qO9N.js              [39m[1m[2m    9.47 kB[22m[1m[22m[2m Γöé gzip:   3.01 kB[22m
[2m../dist/public/[22m[36massets/AdminEventPayouts-BNMSEZnh.js          [39m[1m[2m    9.65 kB[22m[1m[22m[2m Γöé gzip:   2.46 kB[22m
[2m../dist/public/[22m[36massets/AdminTransactions--0416bs3.js          [39m[1m[2m    9.92 kB[22m[1m[22m[2m Γöé gzip:   2.57 kB[22m
[2m../dist/public/[22m[36massets/AdminNotifications-CeSkHjRs.js         [39m[1m[2m    9.96 kB[22m[1m[22m[2m Γöé gzip:   2.74 kB[22m
[2m../dist/public/[22m[36massets/DataDeletionRequest-eo0jL7W8.js        [39m[1m[2m    9.96 kB[22m[1m[22m[2m Γöé gzip:   2.92 kB[22m
[2m../dist/public/[22m[36massets/JoinChallengeModal-CjVUYZBf.js         [39m[1m[2m    9.99 kB[22m[1m[22m[2m Γöé gzip:   3.87 kB[22m
[2m../dist/public/[22m[36massets/About-BD3wD6RV.js                      [39m[1m[2m   10.18 kB[22m[1m[22m[2m Γöé gzip:   2.64 kB[22m
[2m../dist/public/[22m[36massets/communities-page-CQ_b57MY.js           [39m[1m[2m   10.36 kB[22m[1m[22m[2m Γöé gzip:   2.87 kB[22m
[2m../dist/public/[22m[36massets/right-panel-DXPgTM9K.js                [39m[1m[2m   10.46 kB[22m[1m[22m[2m Γöé gzip:   3.27 kB[22m
[2m../dist/public/[22m[36massets/HelpSupport-luBAk5x0.js                [39m[1m[2m   10.74 kB[22m[1m[22m[2m Γöé gzip:   3.61 kB[22m
[2m../dist/public/[22m[36massets/AdminUsersManagement-Cj3fyl1H.js       [39m[1m[2m   10.75 kB[22m[1m[22m[2m Γöé gzip:   3.07 kB[22m
[2m../dist/public/[22m[36massets/Shop-B9Snxads.js                       [39m[1m[2m   10.85 kB[22m[1m[22m[2m Γöé gzip:   3.06 kB[22m
[2m../dist/public/[22m[36massets/AgentImportDialog-DG9l8jj3.js          [39m[1m[2m   10.96 kB[22m[1m[22m[2m Γöé gzip:   3.58 kB[22m
[2m../dist/public/[22m[36massets/Bantzz-iUPaCBUs.js                     [39m[1m[2m   11.19 kB[22m[1m[22m[2m Γöé gzip:   4.30 kB[22m
[2m../dist/public/[22m[36massets/AdminChallengeDisputes-ieFfZ6Sw.js     [39m[1m[2m   11.21 kB[22m[1m[22m[2m Γöé gzip:   2.86 kB[22m
[2m../dist/public/[22m[36massets/Recommendations-DknGohoB.js            [39m[1m[2m   11.25 kB[22m[1m[22m[2m Γöé gzip:   2.79 kB[22m
[2m../dist/public/[22m[36massets/ReferralNew-CiI75qjZ.js                [39m[1m[2m   11.31 kB[22m[1m[22m[2m Γöé gzip:   2.98 kB[22m
[2m../dist/public/[22m[36massets/AdminBonusConfiguration-DTvudLp_.js    [39m[1m[2m   11.41 kB[22m[1m[22m[2m Γöé gzip:   3.13 kB[22m
[2m../dist/public/[22m[36massets/ads-page-COdr65Yy.js                   [39m[1m[2m   11.44 kB[22m[1m[22m[2m Γöé gzip:   2.58 kB[22m
[2m../dist/public/[22m[36massets/EventDetails-BDoLMCfT.js               [39m[1m[2m   11.46 kB[22m[1m[22m[2m Γöé gzip:   3.04 kB[22m
[2m../dist/public/[22m[36massets/SupportChat-BJFjingG.js                [39m[1m[2m   11.67 kB[22m[1m[22m[2m Γöé gzip:   3.72 kB[22m
[2m../dist/public/[22m[36massets/PrivacyPolicy-Ch8BaB5r.js              [39m[1m[2m   11.91 kB[22m[1m[22m[2m Γöé gzip:   2.98 kB[22m
[2m../dist/public/[22m[36massets/EventCreate-YipeD9XA.js                [39m[1m[2m   11.99 kB[22m[1m[22m[2m Γöé gzip:   3.59 kB[22m
[2m../dist/public/[22m[36massets/rewards-page-BpVV9jV1.js               [39m[1m[2m   12.45 kB[22m[1m[22m[2m Γöé gzip:   3.42 kB[22m
[2m../dist/public/[22m[36massets/AdminWallet-wRjsavf5.js                [39m[1m[2m   12.70 kB[22m[1m[22m[2m Γöé gzip:   3.38 kB[22m
[2m../dist/public/[22m[36massets/Profile-C7wUtw9r.js                    [39m[1m[2m   12.78 kB[22m[1m[22m[2m Γöé gzip:   2.52 kB[22m
[2m../dist/public/[22m[36massets/ProfileSettings-DkTCXii0.js            [39m[1m[2m   13.44 kB[22m[1m[22m[2m Γöé gzip:   3.71 kB[22m
[2m../dist/public/[22m[36massets/ProfileEdit-DY4QK5-f.js                [39m[1m[2m   13.70 kB[22m[1m[22m[2m Γöé gzip:   3.94 kB[22m
[2m../dist/public/[22m[36massets/AdminPartners-CGQxtxzf.js              [39m[1m[2m   13.75 kB[22m[1m[22m[2m Γöé gzip:   3.22 kB[22m
[2m../dist/public/[22m[36massets/PublicProfile-DUuJhnCz.js              [39m[1m[2m   14.50 kB[22m[1m[22m[2m Γöé gzip:   3.01 kB[22m
[2m../dist/public/[22m[36massets/Leaderboard-BIChrrav.js                [39m[1m[2m   16.49 kB[22m[1m[22m[2m Γöé gzip:   4.13 kB[22m
[2m../dist/public/[22m[36massets/NotificationTest-kP_S4QNx.js           [39m[1m[2m   16.62 kB[22m[1m[22m[2m Γöé gzip:   4.55 kB[22m
[2m../dist/public/[22m[36massets/ChallengeDetail-DeSJB3sd.js            [39m[1m[2m   16.66 kB[22m[1m[22m[2m Γöé gzip:   4.24 kB[22m
[2m../dist/public/[22m[36massets/chat-page-BAcRExcX.js                  [39m[1m[2m   16.91 kB[22m[1m[22m[2m Γöé gzip:   5.92 kB[22m
[2m../dist/public/[22m[36massets/Notifications-Ibx_IZ-v.js              [39m[1m[2m   16.97 kB[22m[1m[22m[2m Γöé gzip:   4.00 kB[22m
[2m../dist/public/[22m[36massets/ProfileCard-BdCp_dDh.js                [39m[1m[2m   17.44 kB[22m[1m[22m[2m Γöé gzip:   4.86 kB[22m
[2m../dist/public/[22m[36massets/AdminSettings-DiZyggbT.js              [39m[1m[2m   17.51 kB[22m[1m[22m[2m Γöé gzip:   3.78 kB[22m
[2m../dist/public/[22m[36massets/BantMap-BLUAqKcC.js                    [39m[1m[2m   17.67 kB[22m[1m[22m[2m Γöé gzip:   5.44 kB[22m
[2m../dist/public/[22m[36massets/History-DIcLBamr.js                    [39m[1m[2m   17.82 kB[22m[1m[22m[2m Γöé gzip:   4.51 kB[22m
[2m../dist/public/[22m[36massets/Settings-CHZP0OFE.js                   [39m[1m[2m   18.19 kB[22m[1m[22m[2m Γöé gzip:   3.69 kB[22m
[2m../dist/public/[22m[36massets/AdminBantahBroEngine-BgJzY_fS.js       [39m[1m[2m   18.47 kB[22m[1m[22m[2m Γöé gzip:   4.56 kB[22m
[2m../dist/public/[22m[36massets/ChallengeChat-Bq_GEEQL.js              [39m[1m[2m   18.86 kB[22m[1m[22m[2m Γöé gzip:   5.96 kB[22m
[2m../dist/public/[22m[36massets/agents-page-pFYi0wn0.js                [39m[1m[2m   20.20 kB[22m[1m[22m[2m Γöé gzip:   5.81 kB[22m
[2m../dist/public/[22m[36massets/AdminDashboardOverview-ChbfiLz2.js     [39m[1m[2m   23.54 kB[22m[1m[22m[2m Γöé gzip:   4.42 kB[22m
[2m../dist/public/[22m[36massets/PointsAndBadges-B6w3l2O1.js            [39m[1m[2m   24.28 kB[22m[1m[22m[2m Γöé gzip:   5.71 kB[22m
[2m../dist/public/[22m[36massets/profile-page-ByIcoe7B.js               [39m[1m[2m   25.27 kB[22m[1m[22m[2m Γöé gzip:   6.93 kB[22m
[2m../dist/public/[22m[36massets/AdminTreasury-DWr2-Y0R.js              [39m[1m[2m   25.39 kB[22m[1m[22m[2m Γöé gzip:   6.18 kB[22m
[2m../dist/public/[22m[36massets/Agents-BBZCsSfm.js                     [39m[1m[2m   26.94 kB[22m[1m[22m[2m Γöé gzip:   6.49 kB[22m
[2m../dist/public/[22m[36massets/import-page-B22p--Rd.js                [39m[1m[2m   28.06 kB[22m[1m[22m[2m Γöé gzip:   6.78 kB[22m
[2m../dist/public/[22m[36massets/EventChatPage-55Kh_IBs.js              [39m[1m[2m   29.02 kB[22m[1m[22m[2m Γöé gzip:   7.85 kB[22m
[2m../dist/public/[22m[36massets/PartnerPrograms-Dz3MdXAq.js            [39m[1m[2m   29.84 kB[22m[1m[22m[2m Γöé gzip:   6.40 kB[22m
[2m../dist/public/[22m[36massets/Friends-BZiKFyDZ.js                    [39m[1m[2m   31.47 kB[22m[1m[22m[2m Γöé gzip:   7.19 kB[22m
[2m../dist/public/[22m[36massets/Events-DiT9dYzl.js                     [39m[1m[2m   31.61 kB[22m[1m[22m[2m Γöé gzip:   8.97 kB[22m
[2m../dist/public/[22m[36massets/AdminChallengePayouts-1ZSaI6E8.js      [39m[1m[2m   33.26 kB[22m[1m[22m[2m Γöé gzip:   7.03 kB[22m
[2m../dist/public/[22m[36massets/Navigation-B1G-Ig1f.js                 [39m[1m[2m   33.38 kB[22m[1m[22m[2m Γöé gzip:   9.55 kB[22m
[2m../dist/public/[22m[36massets/WalletPage-Cl3EmR6x.js                 [39m[1m[2m   34.41 kB[22m[1m[22m[2m Γöé gzip:   7.93 kB[22m
[2m../dist/public/[22m[36massets/rug-scorer-page-C0ax7AMa.js            [39m[1m[2m   34.87 kB[22m[1m[22m[2m Γöé gzip:   7.83 kB[22m
[2m../dist/public/[22m[36massets/docs-page-CP7h1euR.js                  [39m[1m[2m   35.43 kB[22m[1m[22m[2m Γöé gzip:   8.61 kB[22m
[2m../dist/public/[22m[36massets/AgentDetail-DQxxUpjF.js                [39m[1m[2m   46.83 kB[22m[1m[22m[2m Γöé gzip:   8.64 kB[22m
[2m../dist/public/[22m[36massets/vendor-query-BLF7auMY.js               [39m[1m[2m   51.94 kB[22m[1m[22m[2m Γöé gzip:  15.66 kB[22m
[2m../dist/public/[22m[36massets/BantahBro-C9imfbOB.js                  [39m[1m[2m   51.97 kB[22m[1m[22m[2m Γöé gzip:  14.44 kB[22m
[2m../dist/public/[22m[36massets/challenge-page-C8_di1K5.js             [39m[1m[2m   52.87 kB[22m[1m[22m[2m Γöé gzip:  11.58 kB[22m
[2m../dist/public/[22m[36massets/marketplace-page-rIWlZjuZ.js           [39m[1m[2m   56.36 kB[22m[1m[22m[2m Γöé gzip:  12.46 kB[22m
[2m../dist/public/[22m[36massets/index-BpnpDLNg.js                      [39m[1m[2m   60.33 kB[22m[1m[22m[2m Γöé gzip:  18.41 kB[22m
[2m../dist/public/[22m[36massets/vendor-icons-Dce_W-bC.js               [39m[1m[2m   66.39 kB[22m[1m[22m[2m Γöé gzip:  12.77 kB[22m
[2m../dist/public/[22m[36massets/ChallengeChatPage-CxnkCT0a.js          [39m[1m[2m   71.64 kB[22m[1m[22m[2m Γöé gzip:  18.04 kB[22m
[2m../dist/public/[22m[36massets/battles-page-BfBAPdg8.js               [39m[1m[2m  106.77 kB[22m[1m[22m[2m Γöé gzip:  26.84 kB[22m
[2m../dist/public/[22m[36massets/vendor-motion-Cdc5cChe.js              [39m[1m[2m  113.26 kB[22m[1m[22m[2m Γöé gzip:  37.25 kB[22m
[2m../dist/public/[22m[36massets/Challenges-Cp5NkdvL.js                 [39m[1m[2m  118.65 kB[22m[1m[22m[2m Γöé gzip:  30.35 kB[22m
[2m../dist/public/[22m[36massets/vendor-privy-B1j6oYRi.js               [39m[1m[33m1,329.90 kB[39m[22m[2m Γöé gzip: 383.19 kB[22m
[2m../dist/public/[22m[36massets/vendor-wallet-C97XvLKQ.js              [39m[1m[33m2,023.05 kB[39m[22m[2m Γöé gzip: 606.90 kB[22m
[2m../dist/public/[22m[36massets/vendor-D1xyJ2YF.js                     [39m[1m[33m2,526.65 kB[39m[22m[2m Γöé gzip: 742.50 kB[22m
[33m
(!) Some chunks are larger than 500 kB after minification. Consider:
- Using dynamic import() to code-split the application
- Use build.rollupOptions.output.manualChunks to improve chunking: 
https://rollupjs.org/configuration-options/#output-manualchunks
- Adjust chunk size limit for this warning via 
build.chunkSizeWarningLimit.[39m
[32mΓ£ô built in 2m 44s[39m
Γû▓ [WARNING] "import.meta" is not available with the "cjs" output format and 
will be empty [empty-import-meta]

    server/index.ts:159:33:
      159 Γöé const __filename = fileURLToPath(import.meta.url);
          Γò╡                                  ~~~~~~~~~~~

  You need to set the output format to "esm" for "import.meta" to work 
correctly.

Γû▓ [WARNING] "import.meta" is not available with the "cjs" output format and 
will be empty [empty-import-meta]

    server/seedAdmin.ts:118:2:
      118 Γöé   import.meta.url === `file://${process.argv[1]}` &&
          Γò╡   ~~~~~~~~~~~

  You need to set the output format to "esm" for "import.meta" to work 
correctly.

Γû▓ [WARNING] "import.meta" is not available with the "cjs" output format and 
will be empty [empty-import-meta]

    server/initDb.ts:6:45:
      6 Γöé const __dirname = path.dirname(fileURLToPath(import.meta.url));
        Γò╡                                              ~~~~~~~~~~~

  You need to set the output format to "esm" for "import.meta" to work 
correctly.

Γû▓ [WARNING] "import.meta" is not available with the "cjs" output format and 
will be empty [empty-import-meta]

    server/bantahBro/botaShareMetaRoutes.ts:23:33:
      23 Γöé const __filename = fileURLToPath(import.meta.url);
         Γò╡                                  ~~~~~~~~~~~

  You need to set the output format to "esm" for "import.meta" to work 
correctly.

Γû▓ [WARNING] "import.meta" is not available with the "cjs" output format and 
will be empty [empty-import-meta]

    server/ogImageGenerator.ts:16:33:
      16 Γöé const __filename = fileURLToPath(import.meta.url);
         Γò╡                                  ~~~~~~~~~~~

  You need to set the output format to "esm" for "import.meta" to work 
correctly.

5 warnings

  dist\index.cjs  2.6mb

Done in 409ms
